<?xml version="1.0" encoding="ISO-8859-1" ?>
<link_info>
   <banner>TI ARM Clang Linker Unix v4.0.4.LTS</banner>
   <copyright>Copyright (c) 1996-2018 Texas Instruments Incorporated</copyright>
   <command_line>/Applications/ti/ccs2040/ccs/tools/compiler/ti-cgt-armllvm_4.0.4.LTS/bin/tiarmlnk -I/Applications/ti/ccs2040/ccs/tools/compiler/ti-cgt-armllvm_4.0.4.LTS/lib -o ECE319K_Lab9.out -mECE319K_Lab9.map --heap_size=512 --stack_size=512 -i/Users/onikhoque/Downloads/MSPM0_ValvanoWare/ECE319K_Lab9/Debug/syscfg -i/Applications/ti/ccs2040/ccs/tools/compiler/ti-cgt-armllvm_4.0.4.LTS/lib --diag_wrap=off --display_error_number --warn_sections --xml_link_info=ECE319K_Lab9_linkInfo.xml --rom_model ./ADC1.o ./Arabic.o ./ButtonInt.o ./Clock.o ./DAC5.o ./LED.o ./Lab9Main.o ./LaunchPad.o ./Platforms.o ./Player.o ./SPI.o ./ST7735.o ./SmallFont.o ./Sound.o ./Switch.o ./TExaS.o ./Target.o ./Timer.o ./language_selection.o ./images/pipedreams/PipeSound.o ./ticlang/startup_mspm0g3507_ticlang.o ../mspm0g3507.cmd -l/Applications/ti/mspm0_sdk_2_09_00_01/source/ti/driverlib/lib/ticlang/m0p/mspm0g1x0x_g3x0x/driverlib.a -llibc.a --start-group -llibc++.a -llibc++abi.a -llibc.a -llibsys.a -llibsysbm.a -llibclang_rt.builtins.a -llibclang_rt.profile.a --end-group --cg_opt_level=0</command_line>
   <link_time>0x69e6dc22</link_time>
   <link_errors>0x0</link_errors>
   <output_file>/Users/onikhoque/Downloads/MSPM0_ValvanoWare/ECE319K_Lab9/Debug/ECE319K_Lab9.out</output_file>
   <entry_point>
      <name>_c_int00_noargs</name>
      <address>0x936d</address>
   </entry_point>
   <input_file_list>
      <input_file id="fl-1">
         <path>/Users/onikhoque/Downloads/MSPM0_ValvanoWare/ECE319K_Lab9/Debug/./</path>
         <kind>object</kind>
         <file>ADC1.o</file>
         <name>ADC1.o</name>
      </input_file>
      <input_file id="fl-2">
         <path>/Users/onikhoque/Downloads/MSPM0_ValvanoWare/ECE319K_Lab9/Debug/./</path>
         <kind>object</kind>
         <file>Arabic.o</file>
         <name>Arabic.o</name>
      </input_file>
      <input_file id="fl-3">
         <path>/Users/onikhoque/Downloads/MSPM0_ValvanoWare/ECE319K_Lab9/Debug/./</path>
         <kind>object</kind>
         <file>ButtonInt.o</file>
         <name>ButtonInt.o</name>
      </input_file>
      <input_file id="fl-4">
         <path>/Users/onikhoque/Downloads/MSPM0_ValvanoWare/ECE319K_Lab9/Debug/./</path>
         <kind>object</kind>
         <file>Clock.o</file>
         <name>Clock.o</name>
      </input_file>
      <input_file id="fl-5">
         <path>/Users/onikhoque/Downloads/MSPM0_ValvanoWare/ECE319K_Lab9/Debug/./</path>
         <kind>object</kind>
         <file>DAC5.o</file>
         <name>DAC5.o</name>
      </input_file>
      <input_file id="fl-6">
         <path>/Users/onikhoque/Downloads/MSPM0_ValvanoWare/ECE319K_Lab9/Debug/./</path>
         <kind>object</kind>
         <file>LED.o</file>
         <name>LED.o</name>
      </input_file>
      <input_file id="fl-7">
         <path>/Users/onikhoque/Downloads/MSPM0_ValvanoWare/ECE319K_Lab9/Debug/./</path>
         <kind>object</kind>
         <file>Lab9Main.o</file>
         <name>Lab9Main.o</name>
      </input_file>
      <input_file id="fl-8">
         <path>/Users/onikhoque/Downloads/MSPM0_ValvanoWare/ECE319K_Lab9/Debug/./</path>
         <kind>object</kind>
         <file>LaunchPad.o</file>
         <name>LaunchPad.o</name>
      </input_file>
      <input_file id="fl-9">
         <path>/Users/onikhoque/Downloads/MSPM0_ValvanoWare/ECE319K_Lab9/Debug/./</path>
         <kind>object</kind>
         <file>Platforms.o</file>
         <name>Platforms.o</name>
      </input_file>
      <input_file id="fl-a">
         <path>/Users/onikhoque/Downloads/MSPM0_ValvanoWare/ECE319K_Lab9/Debug/./</path>
         <kind>object</kind>
         <file>Player.o</file>
         <name>Player.o</name>
      </input_file>
      <input_file id="fl-b">
         <path>/Users/onikhoque/Downloads/MSPM0_ValvanoWare/ECE319K_Lab9/Debug/./</path>
         <kind>object</kind>
         <file>SPI.o</file>
         <name>SPI.o</name>
      </input_file>
      <input_file id="fl-c">
         <path>/Users/onikhoque/Downloads/MSPM0_ValvanoWare/ECE319K_Lab9/Debug/./</path>
         <kind>object</kind>
         <file>ST7735.o</file>
         <name>ST7735.o</name>
      </input_file>
      <input_file id="fl-d">
         <path>/Users/onikhoque/Downloads/MSPM0_ValvanoWare/ECE319K_Lab9/Debug/./</path>
         <kind>object</kind>
         <file>SmallFont.o</file>
         <name>SmallFont.o</name>
      </input_file>
      <input_file id="fl-e">
         <path>/Users/onikhoque/Downloads/MSPM0_ValvanoWare/ECE319K_Lab9/Debug/./</path>
         <kind>object</kind>
         <file>Sound.o</file>
         <name>Sound.o</name>
      </input_file>
      <input_file id="fl-f">
         <path>/Users/onikhoque/Downloads/MSPM0_ValvanoWare/ECE319K_Lab9/Debug/./</path>
         <kind>object</kind>
         <file>Switch.o</file>
         <name>Switch.o</name>
      </input_file>
      <input_file id="fl-10">
         <path>/Users/onikhoque/Downloads/MSPM0_ValvanoWare/ECE319K_Lab9/Debug/./</path>
         <kind>object</kind>
         <file>TExaS.o</file>
         <name>TExaS.o</name>
      </input_file>
      <input_file id="fl-11">
         <path>/Users/onikhoque/Downloads/MSPM0_ValvanoWare/ECE319K_Lab9/Debug/./</path>
         <kind>object</kind>
         <file>Target.o</file>
         <name>Target.o</name>
      </input_file>
      <input_file id="fl-12">
         <path>/Users/onikhoque/Downloads/MSPM0_ValvanoWare/ECE319K_Lab9/Debug/./</path>
         <kind>object</kind>
         <file>Timer.o</file>
         <name>Timer.o</name>
      </input_file>
      <input_file id="fl-13">
         <path>/Users/onikhoque/Downloads/MSPM0_ValvanoWare/ECE319K_Lab9/Debug/./</path>
         <kind>object</kind>
         <file>language_selection.o</file>
         <name>language_selection.o</name>
      </input_file>
      <input_file id="fl-14">
         <path>/Users/onikhoque/Downloads/MSPM0_ValvanoWare/ECE319K_Lab9/Debug/./images/pipedreams/</path>
         <kind>object</kind>
         <file>PipeSound.o</file>
         <name>PipeSound.o</name>
      </input_file>
      <input_file id="fl-15">
         <path>/Users/onikhoque/Downloads/MSPM0_ValvanoWare/ECE319K_Lab9/Debug/./ticlang/</path>
         <kind>object</kind>
         <file>startup_mspm0g3507_ticlang.o</file>
         <name>startup_mspm0g3507_ticlang.o</name>
      </input_file>
      <input_file id="fl-21">
         <path>/Users/onikhoque/Downloads/MSPM0_ValvanoWare/ECE319K_Lab9/Debug/</path>
         <kind>object</kind>
         <file>&lt;internal&gt;</file>
         <name>&lt;internal&gt;</name>
      </input_file>
      <input_file id="fl-38">
         <path>/Applications/ti/ccs2040/ccs/tools/compiler/ti-cgt-armllvm_4.0.4.LTS/lib/armv6m-ti-none-eabi/c/</path>
         <kind>archive</kind>
         <file>libc.a</file>
         <name>fopen.c.obj</name>
      </input_file>
      <input_file id="fl-39">
         <path>/Applications/ti/ccs2040/ccs/tools/compiler/ti-cgt-armllvm_4.0.4.LTS/lib/armv6m-ti-none-eabi/c/</path>
         <kind>archive</kind>
         <file>libc.a</file>
         <name>setvbuf.c.obj</name>
      </input_file>
      <input_file id="fl-3a">
         <path>/Applications/ti/ccs2040/ccs/tools/compiler/ti-cgt-armllvm_4.0.4.LTS/lib/armv6m-ti-none-eabi/c/</path>
         <kind>archive</kind>
         <file>libc.a</file>
         <name>aeabi_portable.c.obj</name>
      </input_file>
      <input_file id="fl-3b">
         <path>/Applications/ti/ccs2040/ccs/tools/compiler/ti-cgt-armllvm_4.0.4.LTS/lib/armv6m-ti-none-eabi/c/</path>
         <kind>archive</kind>
         <file>libc.a</file>
         <name>exit.c.obj</name>
      </input_file>
      <input_file id="fl-3c">
         <path>/Applications/ti/ccs2040/ccs/tools/compiler/ti-cgt-armllvm_4.0.4.LTS/lib/armv6m-ti-none-eabi/c/</path>
         <kind>archive</kind>
         <file>libc.a</file>
         <name>_lock.c.obj</name>
      </input_file>
      <input_file id="fl-3d">
         <path>/Applications/ti/ccs2040/ccs/tools/compiler/ti-cgt-armllvm_4.0.4.LTS/lib/armv6m-ti-none-eabi/c/</path>
         <kind>archive</kind>
         <file>libc.a</file>
         <name>assert.c.obj</name>
      </input_file>
      <input_file id="fl-3e">
         <path>/Applications/ti/ccs2040/ccs/tools/compiler/ti-cgt-armllvm_4.0.4.LTS/lib/armv6m-ti-none-eabi/c/</path>
         <kind>archive</kind>
         <file>libc.a</file>
         <name>defs.c.obj</name>
      </input_file>
      <input_file id="fl-3f">
         <path>/Applications/ti/ccs2040/ccs/tools/compiler/ti-cgt-armllvm_4.0.4.LTS/lib/armv6m-ti-none-eabi/c/</path>
         <kind>archive</kind>
         <file>libc.a</file>
         <name>memory.c.obj</name>
      </input_file>
      <input_file id="fl-40">
         <path>/Applications/ti/ccs2040/ccs/tools/compiler/ti-cgt-armllvm_4.0.4.LTS/lib/armv6m-ti-none-eabi/c/</path>
         <kind>archive</kind>
         <file>libc.a</file>
         <name>boot_cortex_m.c.obj</name>
      </input_file>
      <input_file id="fl-41">
         <path>/Applications/ti/ccs2040/ccs/tools/compiler/ti-cgt-armllvm_4.0.4.LTS/lib/armv6m-ti-none-eabi/c/</path>
         <kind>archive</kind>
         <file>libc.a</file>
         <name>mathacl_init.c.obj</name>
      </input_file>
      <input_file id="fl-42">
         <path>/Applications/ti/ccs2040/ccs/tools/compiler/ti-cgt-armllvm_4.0.4.LTS/lib/armv6m-ti-none-eabi/c/</path>
         <kind>archive</kind>
         <file>libc.a</file>
         <name>autoinit.c.obj</name>
      </input_file>
      <input_file id="fl-43">
         <path>/Applications/ti/ccs2040/ccs/tools/compiler/ti-cgt-armllvm_4.0.4.LTS/lib/armv6m-ti-none-eabi/c/</path>
         <kind>archive</kind>
         <file>libc.a</file>
         <name>pre_init.c.obj</name>
      </input_file>
      <input_file id="fl-44">
         <path>/Applications/ti/ccs2040/ccs/tools/compiler/ti-cgt-armllvm_4.0.4.LTS/lib/armv6m-ti-none-eabi/c/</path>
         <kind>archive</kind>
         <file>libc.a</file>
         <name>cpy_tbl.c.obj</name>
      </input_file>
      <input_file id="fl-45">
         <path>/Applications/ti/ccs2040/ccs/tools/compiler/ti-cgt-armllvm_4.0.4.LTS/lib/armv6m-ti-none-eabi/c/</path>
         <kind>archive</kind>
         <file>libc.a</file>
         <name>copy_zero_init.c.obj</name>
      </input_file>
      <input_file id="fl-46">
         <path>/Applications/ti/ccs2040/ccs/tools/compiler/ti-cgt-armllvm_4.0.4.LTS/lib/armv6m-ti-none-eabi/c/</path>
         <kind>archive</kind>
         <file>libc.a</file>
         <name>copy_decompress_none.c.obj</name>
      </input_file>
      <input_file id="fl-47">
         <path>/Applications/ti/ccs2040/ccs/tools/compiler/ti-cgt-armllvm_4.0.4.LTS/lib/armv6m-ti-none-eabi/c/</path>
         <kind>archive</kind>
         <file>libc.a</file>
         <name>copy_decompress_lzss.c.obj</name>
      </input_file>
      <input_file id="fl-48">
         <path>/Applications/ti/ccs2040/ccs/tools/compiler/ti-cgt-armllvm_4.0.4.LTS/lib/armv6m-ti-none-eabi/c/</path>
         <kind>archive</kind>
         <file>libc.a</file>
         <name>sprintf.c.obj</name>
      </input_file>
      <input_file id="fl-49">
         <path>/Applications/ti/ccs2040/ccs/tools/compiler/ti-cgt-armllvm_4.0.4.LTS/lib/armv6m-ti-none-eabi/c/</path>
         <kind>archive</kind>
         <file>libc.a</file>
         <name>fclose.c.obj</name>
      </input_file>
      <input_file id="fl-4a">
         <path>/Applications/ti/ccs2040/ccs/tools/compiler/ti-cgt-armllvm_4.0.4.LTS/lib/armv6m-ti-none-eabi/c/</path>
         <kind>archive</kind>
         <file>libc.a</file>
         <name>fflush.c.obj</name>
      </input_file>
      <input_file id="fl-4b">
         <path>/Applications/ti/ccs2040/ccs/tools/compiler/ti-cgt-armllvm_4.0.4.LTS/lib/armv6m-ti-none-eabi/c/</path>
         <kind>archive</kind>
         <file>libc.a</file>
         <name>fputs.c.obj</name>
      </input_file>
      <input_file id="fl-4c">
         <path>/Applications/ti/ccs2040/ccs/tools/compiler/ti-cgt-armllvm_4.0.4.LTS/lib/armv6m-ti-none-eabi/c/</path>
         <kind>archive</kind>
         <file>libc.a</file>
         <name>_io_perm.c.obj</name>
      </input_file>
      <input_file id="fl-4d">
         <path>/Applications/ti/ccs2040/ccs/tools/compiler/ti-cgt-armllvm_4.0.4.LTS/lib/armv6m-ti-none-eabi/c/</path>
         <kind>archive</kind>
         <file>libc.a</file>
         <name>args_main.c.obj</name>
      </input_file>
      <input_file id="fl-4e">
         <path>/Applications/ti/ccs2040/ccs/tools/compiler/ti-cgt-armllvm_4.0.4.LTS/lib/armv6m-ti-none-eabi/c/</path>
         <kind>archive</kind>
         <file>libc.a</file>
         <name>_printfi.c.obj</name>
      </input_file>
      <input_file id="fl-4f">
         <path>/Applications/ti/ccs2040/ccs/tools/compiler/ti-cgt-armllvm_4.0.4.LTS/lib/armv6m-ti-none-eabi/c/</path>
         <kind>archive</kind>
         <file>libc.a</file>
         <name>fseek.c.obj</name>
      </input_file>
      <input_file id="fl-50">
         <path>/Applications/ti/ccs2040/ccs/tools/compiler/ti-cgt-armllvm_4.0.4.LTS/lib/armv6m-ti-none-eabi/c/</path>
         <kind>archive</kind>
         <file>libc.a</file>
         <name>_ltoa.c.obj</name>
      </input_file>
      <input_file id="fl-51">
         <path>/Applications/ti/ccs2040/ccs/tools/compiler/ti-cgt-armllvm_4.0.4.LTS/lib/armv6m-ti-none-eabi/c/</path>
         <kind>archive</kind>
         <file>libc.a</file>
         <name>atoi.c.obj</name>
      </input_file>
      <input_file id="fl-52">
         <path>/Applications/ti/ccs2040/ccs/tools/compiler/ti-cgt-armllvm_4.0.4.LTS/lib/armv6m-ti-none-eabi/c/</path>
         <kind>archive</kind>
         <file>libc.a</file>
         <name>memccpy.c.obj</name>
      </input_file>
      <input_file id="fl-53">
         <path>/Applications/ti/ccs2040/ccs/tools/compiler/ti-cgt-armllvm_4.0.4.LTS/lib/armv6m-ti-none-eabi/c/</path>
         <kind>archive</kind>
         <file>libc.a</file>
         <name>s_frexp.c.obj</name>
      </input_file>
      <input_file id="fl-54">
         <path>/Applications/ti/ccs2040/ccs/tools/compiler/ti-cgt-armllvm_4.0.4.LTS/lib/armv6m-ti-none-eabi/c/</path>
         <kind>archive</kind>
         <file>libc.a</file>
         <name>s_scalbn.c.obj</name>
      </input_file>
      <input_file id="fl-55">
         <path>/Applications/ti/ccs2040/ccs/tools/compiler/ti-cgt-armllvm_4.0.4.LTS/lib/armv6m-ti-none-eabi/c/</path>
         <kind>archive</kind>
         <file>libc.a</file>
         <name>wcslen.c.obj</name>
      </input_file>
      <input_file id="fl-56">
         <path>/Applications/ti/ccs2040/ccs/tools/compiler/ti-cgt-armllvm_4.0.4.LTS/lib/armv6m-ti-none-eabi/c/</path>
         <kind>archive</kind>
         <file>libc.a</file>
         <name>aeabi_ctype.S.obj</name>
      </input_file>
      <input_file id="fl-f6">
         <path>/Applications/ti/ccs2040/ccs/tools/compiler/ti-cgt-armllvm_4.0.4.LTS/lib/armv6m-ti-none-eabi/c/</path>
         <kind>archive</kind>
         <file>libsysbm.a</file>
         <name>hostexit.c.obj</name>
      </input_file>
      <input_file id="fl-f7">
         <path>/Applications/ti/ccs2040/ccs/tools/compiler/ti-cgt-armllvm_4.0.4.LTS/lib/armv6m-ti-none-eabi/c/</path>
         <kind>archive</kind>
         <file>libsysbm.a</file>
         <name>write.c.obj</name>
      </input_file>
      <input_file id="fl-f8">
         <path>/Applications/ti/ccs2040/ccs/tools/compiler/ti-cgt-armllvm_4.0.4.LTS/lib/armv6m-ti-none-eabi/c/</path>
         <kind>archive</kind>
         <file>libsysbm.a</file>
         <name>host_device.c.obj</name>
      </input_file>
      <input_file id="fl-f9">
         <path>/Applications/ti/ccs2040/ccs/tools/compiler/ti-cgt-armllvm_4.0.4.LTS/lib/armv6m-ti-none-eabi/c/</path>
         <kind>archive</kind>
         <file>libsysbm.a</file>
         <name>remove.c.obj</name>
      </input_file>
      <input_file id="fl-fa">
         <path>/Applications/ti/ccs2040/ccs/tools/compiler/ti-cgt-armllvm_4.0.4.LTS/lib/armv6m-ti-none-eabi/c/</path>
         <kind>archive</kind>
         <file>libsysbm.a</file>
         <name>open.c.obj</name>
      </input_file>
      <input_file id="fl-fb">
         <path>/Applications/ti/ccs2040/ccs/tools/compiler/ti-cgt-armllvm_4.0.4.LTS/lib/armv6m-ti-none-eabi/c/</path>
         <kind>archive</kind>
         <file>libsysbm.a</file>
         <name>lseek.c.obj</name>
      </input_file>
      <input_file id="fl-fc">
         <path>/Applications/ti/ccs2040/ccs/tools/compiler/ti-cgt-armllvm_4.0.4.LTS/lib/armv6m-ti-none-eabi/c/</path>
         <kind>archive</kind>
         <file>libsysbm.a</file>
         <name>close.c.obj</name>
      </input_file>
      <input_file id="fl-fd">
         <path>/Applications/ti/ccs2040/ccs/tools/compiler/ti-cgt-armllvm_4.0.4.LTS/lib/armv6m-ti-none-eabi/c/</path>
         <kind>archive</kind>
         <file>libsysbm.a</file>
         <name>add_device.c.obj</name>
      </input_file>
      <input_file id="fl-fe">
         <path>/Applications/ti/ccs2040/ccs/tools/compiler/ti-cgt-armllvm_4.0.4.LTS/lib/armv6m-ti-none-eabi/c/</path>
         <kind>archive</kind>
         <file>libsysbm.a</file>
         <name>unlink.c.obj</name>
      </input_file>
      <input_file id="fl-ff">
         <path>/Applications/ti/ccs2040/ccs/tools/compiler/ti-cgt-armllvm_4.0.4.LTS/lib/armv6m-ti-none-eabi/c/</path>
         <kind>archive</kind>
         <file>libsysbm.a</file>
         <name>hostclose.c.obj</name>
      </input_file>
      <input_file id="fl-100">
         <path>/Applications/ti/ccs2040/ccs/tools/compiler/ti-cgt-armllvm_4.0.4.LTS/lib/armv6m-ti-none-eabi/c/</path>
         <kind>archive</kind>
         <file>libsysbm.a</file>
         <name>hostlseek.c.obj</name>
      </input_file>
      <input_file id="fl-101">
         <path>/Applications/ti/ccs2040/ccs/tools/compiler/ti-cgt-armllvm_4.0.4.LTS/lib/armv6m-ti-none-eabi/c/</path>
         <kind>archive</kind>
         <file>libsysbm.a</file>
         <name>hostopen.c.obj</name>
      </input_file>
      <input_file id="fl-102">
         <path>/Applications/ti/ccs2040/ccs/tools/compiler/ti-cgt-armllvm_4.0.4.LTS/lib/armv6m-ti-none-eabi/c/</path>
         <kind>archive</kind>
         <file>libsysbm.a</file>
         <name>hostread.c.obj</name>
      </input_file>
      <input_file id="fl-103">
         <path>/Applications/ti/ccs2040/ccs/tools/compiler/ti-cgt-armllvm_4.0.4.LTS/lib/armv6m-ti-none-eabi/c/</path>
         <kind>archive</kind>
         <file>libsysbm.a</file>
         <name>hostrename.c.obj</name>
      </input_file>
      <input_file id="fl-104">
         <path>/Applications/ti/ccs2040/ccs/tools/compiler/ti-cgt-armllvm_4.0.4.LTS/lib/armv6m-ti-none-eabi/c/</path>
         <kind>archive</kind>
         <file>libsysbm.a</file>
         <name>hostunlink.c.obj</name>
      </input_file>
      <input_file id="fl-105">
         <path>/Applications/ti/ccs2040/ccs/tools/compiler/ti-cgt-armllvm_4.0.4.LTS/lib/armv6m-ti-none-eabi/c/</path>
         <kind>archive</kind>
         <file>libsysbm.a</file>
         <name>hostwrite.c.obj</name>
      </input_file>
      <input_file id="fl-106">
         <path>/Applications/ti/ccs2040/ccs/tools/compiler/ti-cgt-armllvm_4.0.4.LTS/lib/armv6m-ti-none-eabi/c/</path>
         <kind>archive</kind>
         <file>libsysbm.a</file>
         <name>trgmsg.c.obj</name>
      </input_file>
      <input_file id="fl-107">
         <path>/Applications/ti/ccs2040/ccs/tools/compiler/ti-cgt-armllvm_4.0.4.LTS/lib/armv6m-ti-none-eabi/</path>
         <kind>archive</kind>
         <file>libclang_rt.builtins.a</file>
         <name>adddf3.S.obj</name>
      </input_file>
      <input_file id="fl-108">
         <path>/Applications/ti/ccs2040/ccs/tools/compiler/ti-cgt-armllvm_4.0.4.LTS/lib/armv6m-ti-none-eabi/</path>
         <kind>archive</kind>
         <file>libclang_rt.builtins.a</file>
         <name>muldf3.S.obj</name>
      </input_file>
      <input_file id="fl-109">
         <path>/Applications/ti/ccs2040/ccs/tools/compiler/ti-cgt-armllvm_4.0.4.LTS/lib/armv6m-ti-none-eabi/</path>
         <kind>archive</kind>
         <file>libclang_rt.builtins.a</file>
         <name>muldsi3.S.obj</name>
      </input_file>
      <input_file id="fl-10a">
         <path>/Applications/ti/ccs2040/ccs/tools/compiler/ti-cgt-armllvm_4.0.4.LTS/lib/armv6m-ti-none-eabi/</path>
         <kind>archive</kind>
         <file>libclang_rt.builtins.a</file>
         <name>divdf3.S.obj</name>
      </input_file>
      <input_file id="fl-10b">
         <path>/Applications/ti/ccs2040/ccs/tools/compiler/ti-cgt-armllvm_4.0.4.LTS/lib/armv6m-ti-none-eabi/</path>
         <kind>archive</kind>
         <file>libclang_rt.builtins.a</file>
         <name>fixdfsi.S.obj</name>
      </input_file>
      <input_file id="fl-10c">
         <path>/Applications/ti/ccs2040/ccs/tools/compiler/ti-cgt-armllvm_4.0.4.LTS/lib/armv6m-ti-none-eabi/</path>
         <kind>archive</kind>
         <file>libclang_rt.builtins.a</file>
         <name>floatsidf.S.obj</name>
      </input_file>
      <input_file id="fl-10d">
         <path>/Applications/ti/ccs2040/ccs/tools/compiler/ti-cgt-armllvm_4.0.4.LTS/lib/armv6m-ti-none-eabi/</path>
         <kind>archive</kind>
         <file>libclang_rt.builtins.a</file>
         <name>floatunsidf.S.obj</name>
      </input_file>
      <input_file id="fl-10e">
         <path>/Applications/ti/ccs2040/ccs/tools/compiler/ti-cgt-armllvm_4.0.4.LTS/lib/armv6m-ti-none-eabi/</path>
         <kind>archive</kind>
         <file>libclang_rt.builtins.a</file>
         <name>muldi3.S.obj</name>
      </input_file>
      <input_file id="fl-10f">
         <path>/Applications/ti/ccs2040/ccs/tools/compiler/ti-cgt-armllvm_4.0.4.LTS/lib/armv6m-ti-none-eabi/</path>
         <kind>archive</kind>
         <file>libclang_rt.builtins.a</file>
         <name>truncdfsf2.S.obj</name>
      </input_file>
      <input_file id="fl-110">
         <path>/Applications/ti/ccs2040/ccs/tools/compiler/ti-cgt-armllvm_4.0.4.LTS/lib/armv6m-ti-none-eabi/</path>
         <kind>archive</kind>
         <file>libclang_rt.builtins.a</file>
         <name>aeabi_dcmp.S.obj</name>
      </input_file>
      <input_file id="fl-111">
         <path>/Applications/ti/ccs2040/ccs/tools/compiler/ti-cgt-armllvm_4.0.4.LTS/lib/armv6m-ti-none-eabi/</path>
         <kind>archive</kind>
         <file>libclang_rt.builtins.a</file>
         <name>aeabi_idivmod.S.obj</name>
      </input_file>
      <input_file id="fl-112">
         <path>/Applications/ti/ccs2040/ccs/tools/compiler/ti-cgt-armllvm_4.0.4.LTS/lib/armv6m-ti-none-eabi/</path>
         <kind>archive</kind>
         <file>libclang_rt.builtins.a</file>
         <name>aeabi_memcpy.S.obj</name>
      </input_file>
      <input_file id="fl-113">
         <path>/Applications/ti/ccs2040/ccs/tools/compiler/ti-cgt-armllvm_4.0.4.LTS/lib/armv6m-ti-none-eabi/</path>
         <kind>archive</kind>
         <file>libclang_rt.builtins.a</file>
         <name>aeabi_memset.S.obj</name>
      </input_file>
      <input_file id="fl-114">
         <path>/Applications/ti/ccs2040/ccs/tools/compiler/ti-cgt-armllvm_4.0.4.LTS/lib/armv6m-ti-none-eabi/</path>
         <kind>archive</kind>
         <file>libclang_rt.builtins.a</file>
         <name>aeabi_uidivmod.S.obj</name>
      </input_file>
      <input_file id="fl-115">
         <path>/Applications/ti/ccs2040/ccs/tools/compiler/ti-cgt-armllvm_4.0.4.LTS/lib/armv6m-ti-none-eabi/</path>
         <kind>archive</kind>
         <file>libclang_rt.builtins.a</file>
         <name>aeabi_uldivmod.S.obj</name>
      </input_file>
      <input_file id="fl-116">
         <path>/Applications/ti/ccs2040/ccs/tools/compiler/ti-cgt-armllvm_4.0.4.LTS/lib/armv6m-ti-none-eabi/</path>
         <kind>archive</kind>
         <file>libclang_rt.builtins.a</file>
         <name>udivmoddi4.S.obj</name>
      </input_file>
      <input_file id="fl-117">
         <path>/Applications/ti/ccs2040/ccs/tools/compiler/ti-cgt-armllvm_4.0.4.LTS/lib/armv6m-ti-none-eabi/</path>
         <kind>archive</kind>
         <file>libclang_rt.builtins.a</file>
         <name>ashldi3.S.obj</name>
      </input_file>
      <input_file id="fl-118">
         <path>/Applications/ti/ccs2040/ccs/tools/compiler/ti-cgt-armllvm_4.0.4.LTS/lib/armv6m-ti-none-eabi/</path>
         <kind>archive</kind>
         <file>libclang_rt.builtins.a</file>
         <name>comparedf2.c.obj</name>
      </input_file>
      <input_file id="fl-119">
         <path>/Applications/ti/ccs2040/ccs/tools/compiler/ti-cgt-armllvm_4.0.4.LTS/lib/armv6m-ti-none-eabi/</path>
         <kind>archive</kind>
         <file>libclang_rt.builtins.a</file>
         <name>aeabi_div0.c.obj</name>
      </input_file>
      <input_file id="fl-11a">
         <path>/Applications/ti/ccs2040/ccs/tools/compiler/ti-cgt-armllvm_4.0.4.LTS/lib/armv6m-ti-none-eabi/c/</path>
         <kind>archive</kind>
         <file>libc.a</file>
         <name>getdevice.c.obj</name>
      </input_file>
      <input_file id="fl-11b">
         <path>/Applications/ti/ccs2040/ccs/tools/compiler/ti-cgt-armllvm_4.0.4.LTS/lib/armv6m-ti-none-eabi/c/</path>
         <kind>archive</kind>
         <file>libc.a</file>
         <name>memcpy16.S.obj</name>
      </input_file>
      <input_file id="fl-11c">
         <path>/Applications/ti/ccs2040/ccs/tools/compiler/ti-cgt-armllvm_4.0.4.LTS/lib/armv6m-ti-none-eabi/c/</path>
         <kind>archive</kind>
         <file>libc.a</file>
         <name>memset16.S.obj</name>
      </input_file>
      <input_file id="fl-11d">
         <path>/Applications/ti/ccs2040/ccs/tools/compiler/ti-cgt-armllvm_4.0.4.LTS/lib/armv6m-ti-none-eabi/c/</path>
         <kind>archive</kind>
         <file>libc.a</file>
         <name>strcmp-armv6m.S.obj</name>
      </input_file>
   </input_file_list>
   <object_component_list>
      <object_component id="oc-18">
         <name>.intvecs</name>
         <load_address>0x0</load_address>
         <readonly>true</readonly>
         <run_address>0x0</run_address>
         <size>0xc0</size>
         <alignment>0x4</alignment>
         <input_file_ref idref="fl-15"/>
      </object_component>
      <object_component id="oc-ac">
         <name>.text.main</name>
         <load_address>0x6610</load_address>
         <readonly>true</readonly>
         <executable>true</executable>
         <run_address>0x6610</run_address>
         <size>0x3e8</size>
         <alignment>0x4</alignment>
         <input_file_ref idref="fl-7"/>
      </object_component>
      <object_component id="oc-e7">
         <name>.text.ST7735_DrawBitmap</name>
         <load_address>0x69f8</load_address>
         <readonly>true</readonly>
         <executable>true</executable>
         <run_address>0x69f8</run_address>
         <size>0x210</size>
         <alignment>0x4</alignment>
         <input_file_ref idref="fl-c"/>
      </object_component>
      <object_component id="oc-107">
         <name>.text.ST7735_DrawBitmapReversed</name>
         <load_address>0x6c08</load_address>
         <readonly>true</readonly>
         <executable>true</executable>
         <run_address>0x6c08</run_address>
         <size>0x208</size>
         <alignment>0x4</alignment>
         <input_file_ref idref="fl-c"/>
      </object_component>
      <object_component id="oc-144">
         <name>.text.Clock_Init80MHz</name>
         <load_address>0x6e10</load_address>
         <readonly>true</readonly>
         <executable>true</executable>
         <run_address>0x6e10</run_address>
         <size>0x1b4</size>
         <alignment>0x4</alignment>
         <input_file_ref idref="fl-4"/>
      </object_component>
      <object_component id="oc-181">
         <name>.text.ST7735_DrawChar</name>
         <load_address>0x6fc4</load_address>
         <readonly>true</readonly>
         <executable>true</executable>
         <run_address>0x6fc4</run_address>
         <size>0x1a8</size>
         <alignment>0x4</alignment>
         <input_file_ref idref="fl-c"/>
      </object_component>
      <object_component id="oc-1b1">
         <name>.text._openfile</name>
         <load_address>0x716c</load_address>
         <readonly>true</readonly>
         <executable>true</executable>
         <run_address>0x716c</run_address>
         <size>0x154</size>
         <alignment>0x4</alignment>
         <input_file_ref idref="fl-38"/>
      </object_component>
      <object_component id="oc-47">
         <name>.text.TIMG12_IRQHandler</name>
         <load_address>0x72c0</load_address>
         <readonly>true</readonly>
         <executable>true</executable>
         <run_address>0x72c0</run_address>
         <size>0x138</size>
         <alignment>0x4</alignment>
         <input_file_ref idref="fl-7"/>
      </object_component>
      <object_component id="oc-87">
         <name>.text.Player_Update</name>
         <load_address>0x73f8</load_address>
         <readonly>true</readonly>
         <executable>true</executable>
         <run_address>0x73f8</run_address>
         <size>0x12c</size>
         <alignment>0x4</alignment>
         <input_file_ref idref="fl-a"/>
      </object_component>
      <object_component id="oc-106">
         <name>.text.ST7735_FillRect</name>
         <load_address>0x7524</load_address>
         <readonly>true</readonly>
         <executable>true</executable>
         <run_address>0x7524</run_address>
         <size>0x118</size>
         <alignment>0x4</alignment>
         <input_file_ref idref="fl-c"/>
      </object_component>
      <object_component id="oc-214">
         <name>.text.aligned_alloc</name>
         <load_address>0x763c</load_address>
         <readonly>true</readonly>
         <executable>true</executable>
         <run_address>0x763c</run_address>
         <size>0x114</size>
         <alignment>0x4</alignment>
         <input_file_ref idref="fl-3f"/>
      </object_component>
      <object_component id="oc-1d3">
         <name>.text.SPI_Init</name>
         <load_address>0x7750</load_address>
         <readonly>true</readonly>
         <executable>true</executable>
         <run_address>0x7750</run_address>
         <size>0xf8</size>
         <alignment>0x4</alignment>
         <input_file_ref idref="fl-b"/>
      </object_component>
      <object_component id="oc-e5">
         <name>.text.ST7735_SetRotation</name>
         <load_address>0x7848</load_address>
         <readonly>true</readonly>
         <executable>true</executable>
         <run_address>0x7848</run_address>
         <size>0xf4</size>
         <alignment>0x4</alignment>
         <input_file_ref idref="fl-c"/>
      </object_component>
      <object_component id="oc-149">
         <name>.text.add_device</name>
         <load_address>0x793c</load_address>
         <readonly>true</readonly>
         <executable>true</executable>
         <run_address>0x793c</run_address>
         <size>0xec</size>
         <alignment>0x4</alignment>
         <input_file_ref idref="fl-fd"/>
      </object_component>
      <object_component id="oc-1ba">
         <name>.text.free</name>
         <load_address>0x7a28</load_address>
         <readonly>true</readonly>
         <executable>true</executable>
         <run_address>0x7a28</run_address>
         <size>0xe8</size>
         <alignment>0x4</alignment>
         <input_file_ref idref="fl-3f"/>
      </object_component>
      <object_component id="oc-154">
         <name>.text.setvbuf</name>
         <load_address>0x7b10</load_address>
         <readonly>true</readonly>
         <executable>true</executable>
         <run_address>0x7b10</run_address>
         <size>0xe0</size>
         <alignment>0x4</alignment>
         <input_file_ref idref="fl-39"/>
      </object_component>
      <object_component id="oc-105">
         <name>.text.RenderTarget</name>
         <load_address>0x7bf0</load_address>
         <readonly>true</readonly>
         <executable>true</executable>
         <run_address>0x7bf0</run_address>
         <size>0xd4</size>
         <alignment>0x4</alignment>
         <input_file_ref idref="fl-11"/>
      </object_component>
      <object_component id="oc-103">
         <name>.text.ST7735_OutChar</name>
         <load_address>0x7cc4</load_address>
         <readonly>true</readonly>
         <executable>true</executable>
         <run_address>0x7cc4</run_address>
         <size>0xd0</size>
         <alignment>0x4</alignment>
         <input_file_ref idref="fl-c"/>
      </object_component>
      <object_component id="oc-8c">
         <name>.text.Platform_CheckCollision</name>
         <load_address>0x7d94</load_address>
         <readonly>true</readonly>
         <executable>true</executable>
         <run_address>0x7d94</run_address>
         <size>0xb8</size>
         <alignment>0x4</alignment>
         <input_file_ref idref="fl-9"/>
      </object_component>
      <object_component id="oc-93">
         <name>.text.Target_Update</name>
         <load_address>0x7e4c</load_address>
         <readonly>true</readonly>
         <executable>true</executable>
         <run_address>0x7e4c</run_address>
         <size>0xb0</size>
         <alignment>0x2</alignment>
         <input_file_ref idref="fl-11"/>
      </object_component>
      <object_component id="oc-fb">
         <name>.text.TimerG0_IntArm</name>
         <load_address>0x7efc</load_address>
         <readonly>true</readonly>
         <executable>true</executable>
         <run_address>0x7efc</run_address>
         <size>0xa4</size>
         <alignment>0x4</alignment>
         <input_file_ref idref="fl-12"/>
      </object_component>
      <object_component id="oc-19d">
         <name>.text.commandList</name>
         <load_address>0x7fa0</load_address>
         <readonly>true</readonly>
         <executable>true</executable>
         <run_address>0x7fa0</run_address>
         <size>0xa2</size>
         <alignment>0x2</alignment>
         <input_file_ref idref="fl-c"/>
      </object_component>
      <object_component id="oc-133">
         <name>.text.__aeabi_idiv0</name>
         <load_address>0x8042</load_address>
         <readonly>true</readonly>
         <executable>true</executable>
         <run_address>0x8042</run_address>
         <size>0x2</size>
         <alignment>0x2</alignment>
         <input_file_ref idref="fl-119"/>
      </object_component>
      <object_component id="oc-1fc">
         <name>.text.open</name>
         <load_address>0x8044</load_address>
         <readonly>true</readonly>
         <executable>true</executable>
         <run_address>0x8044</run_address>
         <size>0xa0</size>
         <alignment>0x4</alignment>
         <input_file_ref idref="fl-fa"/>
      </object_component>
      <object_component id="oc-e0">
         <name>.text.ST7735_InitPrintf</name>
         <load_address>0x80e4</load_address>
         <readonly>true</readonly>
         <executable>true</executable>
         <run_address>0x80e4</run_address>
         <size>0x9c</size>
         <alignment>0x4</alignment>
         <input_file_ref idref="fl-c"/>
      </object_component>
      <object_component id="oc-148">
         <name>.text.ST7735_InitR</name>
         <load_address>0x8180</load_address>
         <readonly>true</readonly>
         <executable>true</executable>
         <run_address>0x8180</run_address>
         <size>0x98</size>
         <alignment>0x4</alignment>
         <input_file_ref idref="fl-c"/>
      </object_component>
      <object_component id="oc-91">
         <name>.text.PlayerHitsTarget</name>
         <load_address>0x8218</load_address>
         <readonly>true</readonly>
         <executable>true</executable>
         <run_address>0x8218</run_address>
         <size>0x96</size>
         <alignment>0x2</alignment>
         <input_file_ref idref="fl-7"/>
      </object_component>
      <object_component id="oc-1ca">
         <name>.text._nop</name>
         <load_address>0x82ae</load_address>
         <readonly>true</readonly>
         <executable>true</executable>
         <run_address>0x82ae</run_address>
         <size>0x2</size>
         <alignment>0x2</alignment>
         <input_file_ref idref="fl-3c"/>
      </object_component>
      <object_component id="oc-f6">
         <name>.text.TimerG12_IntArm</name>
         <load_address>0x82b0</load_address>
         <readonly>true</readonly>
         <executable>true</executable>
         <run_address>0x82b0</run_address>
         <size>0x94</size>
         <alignment>0x4</alignment>
         <input_file_ref idref="fl-12"/>
      </object_component>
      <object_component id="oc-170">
         <name>.text.setAddrWindow</name>
         <load_address>0x8344</load_address>
         <readonly>true</readonly>
         <executable>true</executable>
         <run_address>0x8344</run_address>
         <size>0x88</size>
         <alignment>0x4</alignment>
         <input_file_ref idref="fl-c"/>
      </object_component>
      <object_component id="oc-187">
         <name>.text.HOSTexit</name>
         <load_address>0x83cc</load_address>
         <readonly>true</readonly>
         <executable>true</executable>
         <run_address>0x83cc</run_address>
         <size>0x4</size>
         <alignment>0x2</alignment>
         <input_file_ref idref="fl-f6"/>
      </object_component>
      <object_component id="oc-1d4">
         <name>.text:strcmp</name>
         <load_address>0x83d0</load_address>
         <readonly>true</readonly>
         <executable>true</executable>
         <run_address>0x83d0</run_address>
         <size>0x88</size>
         <alignment>0x10</alignment>
         <input_file_ref idref="fl-11d"/>
      </object_component>
      <object_component id="oc-180">
         <name>.text.ST7735_DrawString</name>
         <load_address>0x8458</load_address>
         <readonly>true</readonly>
         <executable>true</executable>
         <run_address>0x8458</run_address>
         <size>0x84</size>
         <alignment>0x2</alignment>
         <input_file_ref idref="fl-c"/>
      </object_component>
      <object_component id="oc-102">
         <name>.text.ST7735_OutUDec</name>
         <load_address>0x84dc</load_address>
         <readonly>true</readonly>
         <executable>true</executable>
         <run_address>0x84dc</run_address>
         <size>0x84</size>
         <alignment>0x4</alignment>
         <input_file_ref idref="fl-c"/>
      </object_component>
      <object_component id="oc-db">
         <name>.text.LaunchPad_Init</name>
         <load_address>0x8560</load_address>
         <readonly>true</readonly>
         <executable>true</executable>
         <run_address>0x8560</run_address>
         <size>0x7c</size>
         <alignment>0x4</alignment>
         <input_file_ref idref="fl-8"/>
      </object_component>
      <object_component id="oc-1b4">
         <name>.text.__TI_closefile</name>
         <load_address>0x85dc</load_address>
         <readonly>true</readonly>
         <executable>true</executable>
         <run_address>0x85dc</run_address>
         <size>0x7c</size>
         <alignment>0x4</alignment>
         <input_file_ref idref="fl-49"/>
      </object_component>
      <object_component id="oc-1c">
         <name>.text:decompress:lzss</name>
         <load_address>0x8658</load_address>
         <readonly>true</readonly>
         <executable>true</executable>
         <run_address>0x8658</run_address>
         <size>0x7c</size>
         <alignment>0x4</alignment>
         <input_file_ref idref="fl-47"/>
      </object_component>
      <object_component id="oc-f5">
         <name>.text.ADCinit</name>
         <load_address>0x86d4</load_address>
         <readonly>true</readonly>
         <executable>true</executable>
         <run_address>0x86d4</run_address>
         <size>0x78</size>
         <alignment>0x4</alignment>
         <input_file_ref idref="fl-1"/>
      </object_component>
      <object_component id="oc-3c">
         <name>.text.GROUP1_IRQHandler</name>
         <load_address>0x874c</load_address>
         <readonly>true</readonly>
         <executable>true</executable>
         <run_address>0x874c</run_address>
         <size>0x78</size>
         <alignment>0x4</alignment>
         <input_file_ref idref="fl-7"/>
      </object_component>
      <object_component id="oc-1ea">
         <name>.text.HOSTlseek</name>
         <load_address>0x87c4</load_address>
         <readonly>true</readonly>
         <executable>true</executable>
         <run_address>0x87c4</run_address>
         <size>0x6c</size>
         <alignment>0x4</alignment>
         <input_file_ref idref="fl-100"/>
      </object_component>
      <object_component id="oc-1f2">
         <name>.text.HOSTrename</name>
         <load_address>0x8830</load_address>
         <readonly>true</readonly>
         <executable>true</executable>
         <run_address>0x8830</run_address>
         <size>0x6c</size>
         <alignment>0x4</alignment>
         <input_file_ref idref="fl-103"/>
      </object_component>
      <object_component id="oc-236">
         <name>.text.getdevice</name>
         <load_address>0x889c</load_address>
         <readonly>true</readonly>
         <executable>true</executable>
         <run_address>0x889c</run_address>
         <size>0x6c</size>
         <alignment>0x4</alignment>
         <input_file_ref idref="fl-11a"/>
      </object_component>
      <object_component id="oc-24d">
         <name>.text.split</name>
         <load_address>0x8908</load_address>
         <readonly>true</readonly>
         <executable>true</executable>
         <run_address>0x8908</run_address>
         <size>0x64</size>
         <alignment>0x4</alignment>
         <input_file_ref idref="fl-3f"/>
      </object_component>
      <object_component id="oc-1da">
         <name>.text.HOSTopen</name>
         <load_address>0x896c</load_address>
         <readonly>true</readonly>
         <executable>true</executable>
         <run_address>0x896c</run_address>
         <size>0x60</size>
         <alignment>0x4</alignment>
         <input_file_ref idref="fl-101"/>
      </object_component>
      <object_component id="oc-ef">
         <name>.text.WaitForButtonPress</name>
         <load_address>0x89cc</load_address>
         <readonly>true</readonly>
         <executable>true</executable>
         <run_address>0x89cc</run_address>
         <size>0x60</size>
         <alignment>0x4</alignment>
         <input_file_ref idref="fl-13"/>
      </object_component>
      <object_component id="oc-1e2">
         <name>.text.HOSTread</name>
         <load_address>0x8a2c</load_address>
         <readonly>true</readonly>
         <executable>true</executable>
         <run_address>0x8a2c</run_address>
         <size>0x58</size>
         <alignment>0x4</alignment>
         <input_file_ref idref="fl-102"/>
      </object_component>
      <object_component id="oc-1e6">
         <name>.text.HOSTwrite</name>
         <load_address>0x8a84</load_address>
         <readonly>true</readonly>
         <executable>true</executable>
         <run_address>0x8a84</run_address>
         <size>0x58</size>
         <alignment>0x4</alignment>
         <input_file_ref idref="fl-105"/>
      </object_component>
      <object_component id="oc-c1">
         <name>.text.__aeabi_idivmod</name>
         <load_address>0x8adc</load_address>
         <readonly>true</readonly>
         <executable>true</executable>
         <run_address>0x8adc</run_address>
         <size>0x56</size>
         <alignment>0x4</alignment>
         <input_file_ref idref="fl-111"/>
      </object_component>
      <object_component id="oc-fc">
         <name>.text.ButtonInt_Init</name>
         <load_address>0x8b34</load_address>
         <readonly>true</readonly>
         <executable>true</executable>
         <run_address>0x8b34</run_address>
         <size>0x54</size>
         <alignment>0x4</alignment>
         <input_file_ref idref="fl-3"/>
      </object_component>
      <object_component id="oc-17f">
         <name>.text.fillmessage</name>
         <load_address>0x8b88</load_address>
         <readonly>true</readonly>
         <executable>true</executable>
         <run_address>0x8b88</run_address>
         <size>0x54</size>
         <alignment>0x4</alignment>
         <input_file_ref idref="fl-c"/>
      </object_component>
      <object_component id="oc-200">
         <name>.text.__TI_doflush</name>
         <load_address>0x8bdc</load_address>
         <readonly>true</readonly>
         <executable>true</executable>
         <run_address>0x8bdc</run_address>
         <size>0x52</size>
         <alignment>0x2</alignment>
         <input_file_ref idref="fl-4a"/>
      </object_component>
      <object_component id="oc-206">
         <name>.text.close</name>
         <load_address>0x8c30</load_address>
         <readonly>true</readonly>
         <executable>true</executable>
         <run_address>0x8c30</run_address>
         <size>0x50</size>
         <alignment>0x4</alignment>
         <input_file_ref idref="fl-fc"/>
      </object_component>
      <object_component id="oc-1de">
         <name>.text.HOSTclose</name>
         <load_address>0x8c80</load_address>
         <readonly>true</readonly>
         <executable>true</executable>
         <run_address>0x8c80</run_address>
         <size>0x48</size>
         <alignment>0x4</alignment>
         <input_file_ref idref="fl-ff"/>
      </object_component>
      <object_component id="oc-1ee">
         <name>.text.HOSTunlink</name>
         <load_address>0x8cc8</load_address>
         <readonly>true</readonly>
         <executable>true</executable>
         <run_address>0x8cc8</run_address>
         <size>0x48</size>
         <alignment>0x4</alignment>
         <input_file_ref idref="fl-104"/>
      </object_component>
      <object_component id="oc-166">
         <name>.text.SPI_OutCommand</name>
         <load_address>0x8d10</load_address>
         <readonly>true</readonly>
         <executable>true</executable>
         <run_address>0x8d10</run_address>
         <size>0x48</size>
         <alignment>0x4</alignment>
         <input_file_ref idref="fl-b"/>
      </object_component>
      <object_component id="oc-82">
         <name>.text.ADCin</name>
         <load_address>0x8d58</load_address>
         <readonly>true</readonly>
         <executable>true</executable>
         <run_address>0x8d58</run_address>
         <size>0x44</size>
         <alignment>0x4</alignment>
         <input_file_ref idref="fl-1"/>
      </object_component>
      <object_component id="oc-104">
         <name>.text.Platform_Draw</name>
         <load_address>0x8d9c</load_address>
         <readonly>true</readonly>
         <executable>true</executable>
         <run_address>0x8d9c</run_address>
         <size>0x44</size>
         <alignment>0x4</alignment>
         <input_file_ref idref="fl-9"/>
      </object_component>
      <object_component id="oc-216">
         <name>.text.SPI_Reset</name>
         <load_address>0x8de0</load_address>
         <readonly>true</readonly>
         <executable>true</executable>
         <run_address>0x8de0</run_address>
         <size>0x40</size>
         <alignment>0x4</alignment>
         <input_file_ref idref="fl-b"/>
      </object_component>
      <object_component id="oc-42">
         <name>.text.TIMG7_IRQHandler</name>
         <load_address>0x8e20</load_address>
         <readonly>true</readonly>
         <executable>true</executable>
         <run_address>0x8e20</run_address>
         <size>0x40</size>
         <alignment>0x4</alignment>
         <input_file_ref idref="fl-10"/>
      </object_component>
      <object_component id="oc-bd">
         <name>.text.__aeabi_uidivmod</name>
         <load_address>0x8e60</load_address>
         <readonly>true</readonly>
         <executable>true</executable>
         <run_address>0x8e60</run_address>
         <size>0x40</size>
         <alignment>0x4</alignment>
         <input_file_ref idref="fl-114"/>
      </object_component>
      <object_component id="oc-1b0">
         <name>.text._search_fp</name>
         <load_address>0x8ea0</load_address>
         <readonly>true</readonly>
         <executable>true</executable>
         <run_address>0x8ea0</run_address>
         <size>0x40</size>
         <alignment>0x4</alignment>
         <input_file_ref idref="fl-38"/>
      </object_component>
      <object_component id="oc-17d">
         <name>.text.DAC5_Init</name>
         <load_address>0x8ee0</load_address>
         <readonly>true</readonly>
         <executable>true</executable>
         <run_address>0x8ee0</run_address>
         <size>0x3c</size>
         <alignment>0x4</alignment>
         <input_file_ref idref="fl-5"/>
      </object_component>
      <object_component id="oc-121">
         <name>.text:__TI_auto_init_nobinit_nopinit</name>
         <load_address>0x8f1c</load_address>
         <readonly>true</readonly>
         <executable>true</executable>
         <run_address>0x8f1c</run_address>
         <size>0x3c</size>
         <alignment>0x4</alignment>
         <input_file_ref idref="fl-42"/>
      </object_component>
      <object_component id="oc-145">
         <name>.text.ActivatePortA_B</name>
         <load_address>0x8f58</load_address>
         <readonly>true</readonly>
         <executable>true</executable>
         <run_address>0x8f58</run_address>
         <size>0x38</size>
         <alignment>0x4</alignment>
         <input_file_ref idref="fl-8"/>
      </object_component>
      <object_component id="oc-16b">
         <name>.text.SPI_OutData</name>
         <load_address>0x8f90</load_address>
         <readonly>true</readonly>
         <executable>true</executable>
         <run_address>0x8f90</run_address>
         <size>0x38</size>
         <alignment>0x4</alignment>
         <input_file_ref idref="fl-b"/>
      </object_component>
      <object_component id="oc-37">
         <name>.text.SysTick_Handler</name>
         <load_address>0x8fc8</load_address>
         <readonly>true</readonly>
         <executable>true</executable>
         <run_address>0x8fc8</run_address>
         <size>0x38</size>
         <alignment>0x4</alignment>
         <input_file_ref idref="fl-e"/>
      </object_component>
      <object_component id="oc-17e">
         <name>.text.SysTick_IntArm</name>
         <load_address>0x9000</load_address>
         <readonly>true</readonly>
         <executable>true</executable>
         <run_address>0x9000</run_address>
         <size>0x38</size>
         <alignment>0x4</alignment>
         <input_file_ref idref="fl-e"/>
      </object_component>
      <object_component id="oc-f0">
         <name>.text.Clock_Delay1ms</name>
         <load_address>0x9038</load_address>
         <readonly>true</readonly>
         <executable>true</executable>
         <run_address>0x9038</run_address>
         <size>0x34</size>
         <alignment>0x4</alignment>
         <input_file_ref idref="fl-4"/>
      </object_component>
      <object_component id="oc-e8">
         <name>.text.ST7735_SetCursor</name>
         <load_address>0x906c</load_address>
         <readonly>true</readonly>
         <executable>true</executable>
         <run_address>0x906c</run_address>
         <size>0x34</size>
         <alignment>0x4</alignment>
         <input_file_ref idref="fl-c"/>
      </object_component>
      <object_component id="oc-15b">
         <name>.text.ST7735_write</name>
         <load_address>0x90a0</load_address>
         <readonly>true</readonly>
         <executable>true</executable>
         <run_address>0x90a0</run_address>
         <size>0x34</size>
         <alignment>0x2</alignment>
         <input_file_ref idref="fl-c"/>
      </object_component>
      <object_component id="oc-1bd">
         <name>.text.__TI_cleanup</name>
         <load_address>0x90d4</load_address>
         <readonly>true</readonly>
         <executable>true</executable>
         <run_address>0x90d4</run_address>
         <size>0x34</size>
         <alignment>0x4</alignment>
         <input_file_ref idref="fl-38"/>
      </object_component>
      <object_component id="oc-21e">
         <name>.text.__TI_readmsg</name>
         <load_address>0x9108</load_address>
         <readonly>true</readonly>
         <executable>true</executable>
         <run_address>0x9108</run_address>
         <size>0x34</size>
         <alignment>0x4</alignment>
         <input_file_ref idref="fl-106"/>
      </object_component>
      <object_component id="oc-218">
         <name>.text.__TI_writemsg</name>
         <load_address>0x913c</load_address>
         <readonly>true</readonly>
         <executable>true</executable>
         <run_address>0x913c</run_address>
         <size>0x34</size>
         <alignment>0x4</alignment>
         <input_file_ref idref="fl-106"/>
      </object_component>
      <object_component id="oc-11f">
         <name>.text.exit</name>
         <load_address>0x9170</load_address>
         <readonly>true</readonly>
         <executable>true</executable>
         <run_address>0x9170</run_address>
         <size>0x34</size>
         <alignment>0x4</alignment>
         <input_file_ref idref="fl-3b"/>
      </object_component>
      <object_component id="oc-1a4">
         <name>.text.finddevice</name>
         <load_address>0x91a4</load_address>
         <readonly>true</readonly>
         <executable>true</executable>
         <run_address>0x91a4</run_address>
         <size>0x34</size>
         <alignment>0x4</alignment>
         <input_file_ref idref="fl-11a"/>
      </object_component>
      <object_component id="oc-153">
         <name>.text.freopen</name>
         <load_address>0x91d8</load_address>
         <readonly>true</readonly>
         <executable>true</executable>
         <run_address>0x91d8</run_address>
         <size>0x34</size>
         <alignment>0x4</alignment>
         <input_file_ref idref="fl-38"/>
      </object_component>
      <object_component id="oc-100">
         <name>.text.Player_Init</name>
         <load_address>0x920c</load_address>
         <readonly>true</readonly>
         <executable>true</executable>
         <run_address>0x920c</run_address>
         <size>0x30</size>
         <alignment>0x2</alignment>
         <input_file_ref idref="fl-a"/>
      </object_component>
      <object_component id="oc-19c">
         <name>.text.commonInit</name>
         <load_address>0x923c</load_address>
         <readonly>true</readonly>
         <executable>true</executable>
         <run_address>0x923c</run_address>
         <size>0x30</size>
         <alignment>0x4</alignment>
         <input_file_ref idref="fl-c"/>
      </object_component>
      <object_component id="oc-14d">
         <name>.text.fopen</name>
         <load_address>0x926c</load_address>
         <readonly>true</readonly>
         <executable>true</executable>
         <run_address>0x926c</run_address>
         <size>0x30</size>
         <alignment>0x4</alignment>
         <input_file_ref idref="fl-38"/>
      </object_component>
      <object_component id="oc-e6">
         <name>.text.ST7735_FillScreen</name>
         <load_address>0x929c</load_address>
         <readonly>true</readonly>
         <executable>true</executable>
         <run_address>0x929c</run_address>
         <size>0x2c</size>
         <alignment>0x4</alignment>
         <input_file_ref idref="fl-c"/>
      </object_component>
      <object_component id="oc-245">
         <name>.text.unlink</name>
         <load_address>0x92c8</load_address>
         <readonly>true</readonly>
         <executable>true</executable>
         <run_address>0x92c8</run_address>
         <size>0x2c</size>
         <alignment>0x4</alignment>
         <input_file_ref idref="fl-fe"/>
      </object_component>
      <object_component id="oc-101">
         <name>.text.Sound_Init</name>
         <load_address>0x92f4</load_address>
         <readonly>true</readonly>
         <executable>true</executable>
         <run_address>0x92f4</run_address>
         <size>0x28</size>
         <alignment>0x4</alignment>
         <input_file_ref idref="fl-e"/>
      </object_component>
      <object_component id="oc-213">
         <name>.text.free_list_insert</name>
         <load_address>0x931c</load_address>
         <readonly>true</readonly>
         <executable>true</executable>
         <run_address>0x931c</run_address>
         <size>0x28</size>
         <alignment>0x4</alignment>
         <input_file_ref idref="fl-3f"/>
      </object_component>
      <object_component id="oc-23c">
         <name>.text.write</name>
         <load_address>0x9344</load_address>
         <readonly>true</readonly>
         <executable>true</executable>
         <run_address>0x9344</run_address>
         <size>0x28</size>
         <alignment>0x4</alignment>
         <input_file_ref idref="fl-f7"/>
      </object_component>
      <object_component id="oc-63">
         <name>.text:_c_int00_noargs</name>
         <load_address>0x936c</load_address>
         <readonly>true</readonly>
         <executable>true</executable>
         <run_address>0x936c</run_address>
         <size>0x28</size>
         <alignment>0x4</alignment>
         <input_file_ref idref="fl-40"/>
      </object_component>
      <object_component id="oc-e9">
         <name>.text.ST7735_OutString</name>
         <load_address>0x9394</load_address>
         <readonly>true</readonly>
         <executable>true</executable>
         <run_address>0x9394</run_address>
         <size>0x26</size>
         <alignment>0x2</alignment>
         <input_file_ref idref="fl-c"/>
      </object_component>
      <object_component id="oc-ea">
         <name>.text.Buttons_Init</name>
         <load_address>0x93bc</load_address>
         <readonly>true</readonly>
         <executable>true</executable>
         <run_address>0x93bc</run_address>
         <size>0x24</size>
         <alignment>0x4</alignment>
         <input_file_ref idref="fl-13"/>
      </object_component>
      <object_component id="oc-b9">
         <name>.text.Sound_Start</name>
         <load_address>0x93e0</load_address>
         <readonly>true</readonly>
         <executable>true</executable>
         <run_address>0x93e0</run_address>
         <size>0x20</size>
         <alignment>0x4</alignment>
         <input_file_ref idref="fl-e"/>
      </object_component>
      <object_component id="oc-1c6">
         <name>.text.pushColor</name>
         <load_address>0x9400</load_address>
         <readonly>true</readonly>
         <executable>true</executable>
         <run_address>0x9400</run_address>
         <size>0x1e</size>
         <alignment>0x2</alignment>
         <input_file_ref idref="fl-c"/>
      </object_component>
      <object_component id="oc-6f">
         <name>.text.DAC5_Out</name>
         <load_address>0x9420</load_address>
         <readonly>true</readonly>
         <executable>true</executable>
         <run_address>0x9420</run_address>
         <size>0x1c</size>
         <alignment>0x4</alignment>
         <input_file_ref idref="fl-5"/>
      </object_component>
      <object_component id="oc-35">
         <name>.text.Default_Handler</name>
         <load_address>0x943c</load_address>
         <readonly>true</readonly>
         <executable>true</executable>
         <run_address>0x943c</run_address>
         <size>0x1c</size>
         <alignment>0x4</alignment>
         <input_file_ref idref="fl-15"/>
      </object_component>
      <object_component id="oc-36">
         <name>.text.HardFault_Handler</name>
         <load_address>0x9458</load_address>
         <readonly>true</readonly>
         <executable>true</executable>
         <run_address>0x9458</run_address>
         <size>0x1c</size>
         <alignment>0x4</alignment>
         <input_file_ref idref="fl-15"/>
      </object_component>
      <object_component id="oc-211">
         <name>.text.free_list_remove</name>
         <load_address>0x9474</load_address>
         <readonly>true</readonly>
         <executable>true</executable>
         <run_address>0x9474</run_address>
         <size>0x1c</size>
         <alignment>0x4</alignment>
         <input_file_ref idref="fl-3f"/>
      </object_component>
      <object_component id="oc-15e">
         <name>.text.ST7735_open</name>
         <load_address>0x9490</load_address>
         <readonly>true</readonly>
         <executable>true</executable>
         <run_address>0x9490</run_address>
         <size>0x16</size>
         <alignment>0x2</alignment>
         <input_file_ref idref="fl-c"/>
      </object_component>
      <object_component id="oc-15c">
         <name>.text.ST7735_read</name>
         <load_address>0x94a6</load_address>
         <readonly>true</readonly>
         <executable>true</executable>
         <run_address>0x94a6</run_address>
         <size>0x16</size>
         <alignment>0x2</alignment>
         <input_file_ref idref="fl-c"/>
      </object_component>
      <object_component id="oc-5a">
         <name>.text:decompress:ZI:__TI_zero_init_nomemset</name>
         <load_address>0x94bc</load_address>
         <readonly>true</readonly>
         <executable>true</executable>
         <run_address>0x94bc</run_address>
         <size>0x16</size>
         <alignment>0x2</alignment>
         <input_file_ref idref="fl-45"/>
      </object_component>
      <object_component id="oc-78">
         <name>.text.Sound_Jump</name>
         <load_address>0x94d4</load_address>
         <readonly>true</readonly>
         <executable>true</executable>
         <run_address>0x94d4</run_address>
         <size>0x14</size>
         <alignment>0x4</alignment>
         <input_file_ref idref="fl-e"/>
      </object_component>
      <object_component id="oc-92">
         <name>.text.Sound_TargetBroken</name>
         <load_address>0x94e8</load_address>
         <readonly>true</readonly>
         <executable>true</executable>
         <run_address>0x94e8</run_address>
         <size>0x14</size>
         <alignment>0x4</alignment>
         <input_file_ref idref="fl-e"/>
      </object_component>
      <object_component id="oc-d0">
         <name>.text:TI_memcpy_small</name>
         <load_address>0x94fc</load_address>
         <readonly>true</readonly>
         <executable>true</executable>
         <run_address>0x94fc</run_address>
         <size>0x12</size>
         <alignment>0x1</alignment>
         <input_file_ref idref="fl-11b"/>
      </object_component>
      <object_component id="oc-20">
         <name>.text:decompress:none</name>
         <load_address>0x950e</load_address>
         <readonly>true</readonly>
         <executable>true</executable>
         <run_address>0x950e</run_address>
         <size>0x12</size>
         <alignment>0x2</alignment>
         <input_file_ref idref="fl-46"/>
      </object_component>
      <object_component id="oc-175">
         <name>.text.Clock_Delay</name>
         <load_address>0x9520</load_address>
         <readonly>true</readonly>
         <executable>true</executable>
         <run_address>0x9520</run_address>
         <size>0x10</size>
         <alignment>0x2</alignment>
         <input_file_ref idref="fl-4"/>
      </object_component>
      <object_component id="oc-19b">
         <name>.text.Delay</name>
         <load_address>0x9530</load_address>
         <readonly>true</readonly>
         <executable>true</executable>
         <run_address>0x9530</run_address>
         <size>0x10</size>
         <alignment>0x2</alignment>
         <input_file_ref idref="fl-8"/>
      </object_component>
      <object_component id="oc-41">
         <name>.text.TIMG0_IRQHandler</name>
         <load_address>0x9540</load_address>
         <readonly>true</readonly>
         <executable>true</executable>
         <run_address>0x9540</run_address>
         <size>0x10</size>
         <alignment>0x4</alignment>
         <input_file_ref idref="fl-7"/>
      </object_component>
      <object_component id="oc-212">
         <name>.text.OUTLINED_FUNCTION_0</name>
         <load_address>0x9550</load_address>
         <readonly>true</readonly>
         <executable>true</executable>
         <run_address>0x9550</run_address>
         <size>0xe</size>
         <alignment>0x2</alignment>
         <input_file_ref idref="fl-3f"/>
      </object_component>
      <object_component id="oc-15a">
         <name>.text.ST7735_lseek</name>
         <load_address>0x955e</load_address>
         <readonly>true</readonly>
         <executable>true</executable>
         <run_address>0x955e</run_address>
         <size>0xe</size>
         <alignment>0x2</alignment>
         <input_file_ref idref="fl-c"/>
      </object_component>
      <object_component id="oc-232">
         <name>.text.strcpy</name>
         <load_address>0x956c</load_address>
         <readonly>true</readonly>
         <executable>true</executable>
         <run_address>0x956c</run_address>
         <size>0xe</size>
         <alignment>0x2</alignment>
         <input_file_ref idref="fl-103"/>
      </object_component>
      <object_component id="oc-233">
         <name>.text.strlen</name>
         <load_address>0x957a</load_address>
         <readonly>true</readonly>
         <executable>true</executable>
         <run_address>0x957a</run_address>
         <size>0xe</size>
         <alignment>0x2</alignment>
         <input_file_ref idref="fl-103"/>
      </object_component>
      <object_component id="oc-13e">
         <name>.text:TI_memset_small</name>
         <load_address>0x9588</load_address>
         <readonly>true</readonly>
         <executable>true</executable>
         <run_address>0x9588</run_address>
         <size>0xe</size>
         <alignment>0x1</alignment>
         <input_file_ref idref="fl-11c"/>
      </object_component>
      <object_component id="oc-215">
         <name>.text.Clock_Freq</name>
         <load_address>0x9598</load_address>
         <readonly>true</readonly>
         <executable>true</executable>
         <run_address>0x9598</run_address>
         <size>0xc</size>
         <alignment>0x4</alignment>
         <input_file_ref idref="fl-4"/>
      </object_component>
      <object_component id="oc-158">
         <name>.text.ST7735_rename</name>
         <load_address>0x95a4</load_address>
         <readonly>true</readonly>
         <executable>true</executable>
         <run_address>0x95a4</run_address>
         <size>0xc</size>
         <alignment>0x2</alignment>
         <input_file_ref idref="fl-c"/>
      </object_component>
      <object_component id="oc-a3">
         <name>.text.__aeabi_memclr</name>
         <load_address>0x95b0</load_address>
         <readonly>true</readonly>
         <executable>true</executable>
         <run_address>0x95b0</run_address>
         <size>0xc</size>
         <alignment>0x4</alignment>
         <input_file_ref idref="fl-113"/>
      </object_component>
      <object_component id="oc-1bc">
         <name>.text.malloc</name>
         <load_address>0x95bc</load_address>
         <readonly>true</readonly>
         <executable>true</executable>
         <run_address>0x95bc</run_address>
         <size>0xc</size>
         <alignment>0x2</alignment>
         <input_file_ref idref="fl-3f"/>
      </object_component>
      <object_component id="oc-da">
         <name>.text.PLL_Init</name>
         <load_address>0x95c8</load_address>
         <readonly>true</readonly>
         <executable>true</executable>
         <run_address>0x95c8</run_address>
         <size>0xa</size>
         <alignment>0x2</alignment>
         <input_file_ref idref="fl-7"/>
      </object_component>
      <object_component id="oc-15f">
         <name>.text.ST7735_close</name>
         <load_address>0x95d2</load_address>
         <readonly>true</readonly>
         <executable>true</executable>
         <run_address>0x95d2</run_address>
         <size>0xa</size>
         <alignment>0x2</alignment>
         <input_file_ref idref="fl-c"/>
      </object_component>
      <object_component id="oc-159">
         <name>.text.ST7735_unlink</name>
         <load_address>0x95dc</load_address>
         <readonly>true</readonly>
         <executable>true</executable>
         <run_address>0x95dc</run_address>
         <size>0xa</size>
         <alignment>0x2</alignment>
         <input_file_ref idref="fl-c"/>
      </object_component>
      <object_component id="oc-53">
         <name>.text.__aeabi_memcpy</name>
         <load_address>0x95e8</load_address>
         <readonly>true</readonly>
         <executable>true</executable>
         <run_address>0x95e8</run_address>
         <size>0x8</size>
         <alignment>0x4</alignment>
         <input_file_ref idref="fl-112"/>
      </object_component>
      <object_component id="oc-20a">
         <name>.text.remove</name>
         <load_address>0x95f0</load_address>
         <readonly>true</readonly>
         <executable>true</executable>
         <run_address>0x95f0</run_address>
         <size>0x8</size>
         <alignment>0x2</alignment>
         <input_file_ref idref="fl-f9"/>
      </object_component>
      <object_component id="oc-11a">
         <name>.text:abort</name>
         <load_address>0x95f8</load_address>
         <readonly>true</readonly>
         <executable>true</executable>
         <run_address>0x95f8</run_address>
         <size>0x6</size>
         <alignment>0x2</alignment>
         <input_file_ref idref="fl-3b"/>
      </object_component>
      <object_component id="oc-31">
         <name>.text.Reset_Handler</name>
         <load_address>0x95fe</load_address>
         <readonly>true</readonly>
         <executable>true</executable>
         <run_address>0x95fe</run_address>
         <size>0x4</size>
         <alignment>0x2</alignment>
         <input_file_ref idref="fl-15"/>
      </object_component>
      <object_component id="oc-a8">
         <name>.text._system_pre_init</name>
         <load_address>0x9602</load_address>
         <readonly>true</readonly>
         <executable>true</executable>
         <run_address>0x9602</run_address>
         <size>0x4</size>
         <alignment>0x2</alignment>
         <input_file_ref idref="fl-43"/>
      </object_component>
      <object_component id="oc-299">
         <name>.cinit..data.load</name>
         <load_address>0x9610</load_address>
         <readonly>true</readonly>
         <run_address>0x9610</run_address>
         <size>0x98</size>
         <alignment>0x1</alignment>
      </object_component>
      <object_component id="oc-297">
         <name>__TI_handler_table</name>
         <load_address>0x96a8</load_address>
         <readonly>true</readonly>
         <run_address>0x96a8</run_address>
         <size>0xc</size>
         <alignment>0x4</alignment>
      </object_component>
      <object_component id="oc-29a">
         <name>.cinit..bss.load</name>
         <load_address>0x96b4</load_address>
         <readonly>true</readonly>
         <run_address>0x96b4</run_address>
         <size>0x8</size>
         <alignment>0x4</alignment>
      </object_component>
      <object_component id="oc-298">
         <name>__TI_cinit_table</name>
         <load_address>0x96bc</load_address>
         <readonly>true</readonly>
         <run_address>0x96bc</run_address>
         <size>0x10</size>
         <alignment>0x4</alignment>
      </object_component>
      <object_component id="oc-ba">
         <name>.rodata.jumpSound</name>
         <load_address>0xc0</load_address>
         <readonly>true</readonly>
         <run_address>0xc0</run_address>
         <size>0x18b5</size>
         <alignment>0x1</alignment>
         <input_file_ref idref="fl-e"/>
      </object_component>
      <object_component id="oc-ca">
         <name>.rodata.targetBreakSound</name>
         <load_address>0x1975</load_address>
         <readonly>true</readonly>
         <run_address>0x1975</run_address>
         <size>0x18b0</size>
         <alignment>0x1</alignment>
         <input_file_ref idref="fl-e"/>
      </object_component>
      <object_component id="oc-108">
         <name>.rodata.TitleScreen</name>
         <load_address>0x3226</load_address>
         <readonly>true</readonly>
         <run_address>0x3226</run_address>
         <size>0x1360</size>
         <alignment>0x2</alignment>
         <input_file_ref idref="fl-13"/>
      </object_component>
      <object_component id="oc-13b">
         <name>.rodata.RunFrames</name>
         <load_address>0x4586</load_address>
         <readonly>true</readonly>
         <run_address>0x4586</run_address>
         <size>0xc00</size>
         <alignment>0x2</alignment>
         <input_file_ref idref="fl-7"/>
      </object_component>
      <object_component id="oc-13a">
         <name>.rodata.IdleFrames</name>
         <load_address>0x5186</load_address>
         <readonly>true</readonly>
         <run_address>0x5186</run_address>
         <size>0x800</size>
         <alignment>0x2</alignment>
         <input_file_ref idref="fl-7"/>
      </object_component>
      <object_component id="oc-1c7">
         <name>.rodata.Font</name>
         <load_address>0x5986</load_address>
         <readonly>true</readonly>
         <run_address>0x5986</run_address>
         <size>0x4fb</size>
         <alignment>0x1</alignment>
         <input_file_ref idref="fl-c"/>
      </object_component>
      <object_component id="oc-186">
         <name>.rodata.TargetAnimation</name>
         <load_address>0x5e82</load_address>
         <readonly>true</readonly>
         <run_address>0x5e82</run_address>
         <size>0x400</size>
         <alignment>0x2</alignment>
         <input_file_ref idref="fl-11"/>
      </object_component>
      <object_component id="oc-13c">
         <name>.rodata.JumpFrames</name>
         <load_address>0x6282</load_address>
         <readonly>true</readonly>
         <run_address>0x6282</run_address>
         <size>0x200</size>
         <alignment>0x2</alignment>
         <input_file_ref idref="fl-7"/>
      </object_component>
      <object_component id="oc-19e">
         <name>.rodata.Rcmd1</name>
         <load_address>0x6482</load_address>
         <readonly>true</readonly>
         <run_address>0x6482</run_address>
         <size>0x3b</size>
         <alignment>0x1</alignment>
         <input_file_ref idref="fl-c"/>
      </object_component>
      <object_component id="oc-1a3">
         <name>.rodata.Rcmd3</name>
         <load_address>0x64bd</load_address>
         <readonly>true</readonly>
         <run_address>0x64bd</run_address>
         <size>0x2b</size>
         <alignment>0x1</alignment>
         <input_file_ref idref="fl-c"/>
      </object_component>
      <object_component id="oc-c7">
         <name>.rodata.Stage1</name>
         <load_address>0x64e8</load_address>
         <readonly>true</readonly>
         <run_address>0x64e8</run_address>
         <size>0x28</size>
         <alignment>0x2</alignment>
         <input_file_ref idref="fl-9"/>
      </object_component>
      <object_component id="oc-185">
         <name>.rodata.str1.2132471336006292093.1</name>
         <load_address>0x6510</load_address>
         <readonly>true</readonly>
         <run_address>0x6510</run_address>
         <size>0x16</size>
         <alignment>0x1</alignment>
         <input_file_ref idref="fl-c"/>
      </object_component>
      <object_component id="oc-10b">
         <name>.rodata.str1.11607978590611039532.1</name>
         <load_address>0x6526</load_address>
         <readonly>true</readonly>
         <run_address>0x6526</run_address>
         <size>0x11</size>
         <alignment>0x1</alignment>
         <input_file_ref idref="fl-7"/>
      </object_component>
      <object_component id="oc-1a0">
         <name>.rodata.Rcmd2green</name>
         <load_address>0x6537</load_address>
         <readonly>true</readonly>
         <run_address>0x6537</run_address>
         <size>0xd</size>
         <alignment>0x1</alignment>
         <input_file_ref idref="fl-c"/>
      </object_component>
      <object_component id="oc-19f">
         <name>.rodata.Rcmd2red</name>
         <load_address>0x6544</load_address>
         <readonly>true</readonly>
         <run_address>0x6544</run_address>
         <size>0xd</size>
         <alignment>0x1</alignment>
         <input_file_ref idref="fl-c"/>
      </object_component>
      <object_component id="oc-10f">
         <name>.rodata.str1.5978245710334724802.1</name>
         <load_address>0x6551</load_address>
         <readonly>true</readonly>
         <run_address>0x6551</run_address>
         <size>0xd</size>
         <alignment>0x1</alignment>
         <input_file_ref idref="fl-7"/>
      </object_component>
      <object_component id="oc-160">
         <name>.rodata.str1.4408429423603725162.1</name>
         <load_address>0x655e</load_address>
         <readonly>true</readonly>
         <run_address>0x655e</run_address>
         <size>0x2</size>
         <alignment>0x1</alignment>
         <input_file_ref idref="fl-c"/>
      </object_component>
      <object_component id="oc-9a">
         <name>.rodata.animationTable</name>
         <load_address>0x6560</load_address>
         <readonly>true</readonly>
         <run_address>0x6560</run_address>
         <size>0xc</size>
         <alignment>0x4</alignment>
         <input_file_ref idref="fl-7"/>
      </object_component>
      <object_component id="oc-109">
         <name>.rodata.str1.10912311428539069828.1</name>
         <load_address>0x656c</load_address>
         <readonly>true</readonly>
         <run_address>0x656c</run_address>
         <size>0xb</size>
         <alignment>0x1</alignment>
         <input_file_ref idref="fl-7"/>
      </object_component>
      <object_component id="oc-111">
         <name>.rodata.str1.1264071292318471298.1</name>
         <load_address>0x6577</load_address>
         <readonly>true</readonly>
         <run_address>0x6577</run_address>
         <size>0xb</size>
         <alignment>0x1</alignment>
         <input_file_ref idref="fl-7"/>
      </object_component>
      <object_component id="oc-115">
         <name>.rodata.str1.13257645979971916210.1</name>
         <load_address>0x6582</load_address>
         <readonly>true</readonly>
         <run_address>0x6582</run_address>
         <size>0xb</size>
         <alignment>0x1</alignment>
         <input_file_ref idref="fl-7"/>
      </object_component>
      <object_component id="oc-10c">
         <name>.rodata.str1.15559147168417893312.1</name>
         <load_address>0x658d</load_address>
         <readonly>true</readonly>
         <run_address>0x658d</run_address>
         <size>0xb</size>
         <alignment>0x1</alignment>
         <input_file_ref idref="fl-7"/>
      </object_component>
      <object_component id="oc-116">
         <name>.rodata.str1.2523468298586745346.1</name>
         <load_address>0x6598</load_address>
         <readonly>true</readonly>
         <run_address>0x6598</run_address>
         <size>0xb</size>
         <alignment>0x1</alignment>
         <input_file_ref idref="fl-7"/>
      </object_component>
      <object_component id="oc-119">
         <name>.rodata.str1.635279466477427710.1</name>
         <load_address>0x65a3</load_address>
         <readonly>true</readonly>
         <run_address>0x65a3</run_address>
         <size>0xb</size>
         <alignment>0x1</alignment>
         <input_file_ref idref="fl-7"/>
      </object_component>
      <object_component id="oc-10a">
         <name>.rodata.str1.15173397269044068037.1</name>
         <load_address>0x65ae</load_address>
         <readonly>true</readonly>
         <run_address>0x65ae</run_address>
         <size>0xa</size>
         <alignment>0x1</alignment>
         <input_file_ref idref="fl-7"/>
      </object_component>
      <object_component id="oc-118">
         <name>.rodata.str1.15954068218775356138.1</name>
         <load_address>0x65b8</load_address>
         <readonly>true</readonly>
         <run_address>0x65b8</run_address>
[...]
         <object_component_ref idref="oc-159"/>
      </symbol>
      <symbol id="sm-16f">
         <name>ST7735_rename</name>
         <value>0x95a5</value>
         <object_component_ref idref="oc-158"/>
      </symbol>
      <symbol id="sm-170">
         <name>ST7735_InitPrintf</name>
         <value>0x80e5</value>
         <object_component_ref idref="oc-e0"/>
      </symbol>
      <symbol id="sm-18a">
         <name>SysTick_IntArm</name>
         <value>0x9001</value>
         <object_component_ref idref="oc-17e"/>
      </symbol>
      <symbol id="sm-18b">
         <name>Sound_Init</name>
         <value>0x92f5</value>
         <object_component_ref idref="oc-101"/>
      </symbol>
      <symbol id="sm-18c">
         <name>soundPointer</name>
         <value>0x20200498</value>
      </symbol>
      <symbol id="sm-18d">
         <name>soundCounter</name>
         <value>0x20200494</value>
      </symbol>
      <symbol id="sm-18e">
         <name>SysTick_Handler</name>
         <value>0x8fc9</value>
         <object_component_ref idref="oc-37"/>
      </symbol>
      <symbol id="sm-18f">
         <name>Sound_Start</name>
         <value>0x93e1</value>
         <object_component_ref idref="oc-b9"/>
      </symbol>
      <symbol id="sm-190">
         <name>Sound_Jump</name>
         <value>0x94d5</value>
         <object_component_ref idref="oc-78"/>
      </symbol>
      <symbol id="sm-191">
         <name>jumpSound</name>
         <value>0xc0</value>
         <object_component_ref idref="oc-ba"/>
      </symbol>
      <symbol id="sm-192">
         <name>Sound_TargetBroken</name>
         <value>0x94e9</value>
         <object_component_ref idref="oc-92"/>
      </symbol>
      <symbol id="sm-193">
         <name>targetBreakSound</name>
         <value>0x1975</value>
         <object_component_ref idref="oc-ca"/>
      </symbol>
      <symbol id="sm-19e">
         <name>TIMG7_IRQHandler</name>
         <value>0x8e21</value>
         <object_component_ref idref="oc-42"/>
      </symbol>
      <symbol id="sm-19f">
         <name>TExaSadc</name>
         <value>0x2020048c</value>
      </symbol>
      <symbol id="sm-1a0">
         <name>TExaSLogic</name>
         <value>0x20200488</value>
      </symbol>
      <symbol id="sm-1ac">
         <name>RenderTarget</name>
         <value>0x7bf1</value>
         <object_component_ref idref="oc-105"/>
      </symbol>
      <symbol id="sm-1ad">
         <name>TargetAnimation</name>
         <value>0x5e82</value>
         <object_component_ref idref="oc-186"/>
      </symbol>
      <symbol id="sm-1ae">
         <name>Target_Update</name>
         <value>0x7e4d</value>
         <object_component_ref idref="oc-93"/>
      </symbol>
      <symbol id="sm-1af">
         <name>targets</name>
         <value>0x202000f0</value>
         <object_component_ref idref="oc-9c"/>
      </symbol>
      <symbol id="sm-1bc">
         <name>TimerG0_IntArm</name>
         <value>0x7efd</value>
         <object_component_ref idref="oc-fb"/>
      </symbol>
      <symbol id="sm-1bd">
         <name>TimerG12_IntArm</name>
         <value>0x82b1</value>
         <object_component_ref idref="oc-f6"/>
      </symbol>
      <symbol id="sm-1ca">
         <name>Buttons_Init</name>
         <value>0x93bd</value>
         <object_component_ref idref="oc-ea"/>
      </symbol>
      <symbol id="sm-1cb">
         <name>WaitForButtonPress</name>
         <value>0x89cd</value>
         <object_component_ref idref="oc-ef"/>
      </symbol>
      <symbol id="sm-1cc">
         <name>language_flag</name>
         <value>0x20200490</value>
      </symbol>
      <symbol id="sm-1cd">
         <name>TitleScreen</name>
         <value>0x3226</value>
         <object_component_ref idref="oc-108"/>
      </symbol>
      <symbol id="sm-1df">
         <name>Default_Handler</name>
         <value>0x943d</value>
         <object_component_ref idref="oc-35"/>
      </symbol>
      <symbol id="sm-1e0">
         <name>Reset_Handler</name>
         <value>0x95ff</value>
         <object_component_ref idref="oc-31"/>
      </symbol>
      <symbol id="sm-1e1">
         <name>HardFault_Handler</name>
         <value>0x9459</value>
         <object_component_ref idref="oc-36"/>
      </symbol>
      <symbol id="sm-1e2">
         <name>interruptVectors</name>
         <value>0x0</value>
         <object_component_ref idref="oc-18"/>
      </symbol>
      <symbol id="sm-1e3">
         <name>NMI_Handler</name>
         <value>0x943d</value>
         <object_component_ref idref="oc-35"/>
      </symbol>
      <symbol id="sm-1e4">
         <name>SVC_Handler</name>
         <value>0x943d</value>
         <object_component_ref idref="oc-35"/>
      </symbol>
      <symbol id="sm-1e5">
         <name>PendSV_Handler</name>
         <value>0x943d</value>
         <object_component_ref idref="oc-35"/>
      </symbol>
      <symbol id="sm-1e6">
         <name>GROUP0_IRQHandler</name>
         <value>0x943d</value>
         <object_component_ref idref="oc-35"/>
      </symbol>
      <symbol id="sm-1e7">
         <name>TIMG8_IRQHandler</name>
         <value>0x943d</value>
         <object_component_ref idref="oc-35"/>
      </symbol>
      <symbol id="sm-1e8">
         <name>UART3_IRQHandler</name>
         <value>0x943d</value>
         <object_component_ref idref="oc-35"/>
      </symbol>
      <symbol id="sm-1e9">
         <name>ADC0_IRQHandler</name>
         <value>0x943d</value>
         <object_component_ref idref="oc-35"/>
      </symbol>
      <symbol id="sm-1ea">
         <name>ADC1_IRQHandler</name>
         <value>0x943d</value>
         <object_component_ref idref="oc-35"/>
      </symbol>
      <symbol id="sm-1eb">
         <name>CANFD0_IRQHandler</name>
         <value>0x943d</value>
         <object_component_ref idref="oc-35"/>
      </symbol>
      <symbol id="sm-1ec">
         <name>DAC0_IRQHandler</name>
         <value>0x943d</value>
         <object_component_ref idref="oc-35"/>
      </symbol>
      <symbol id="sm-1ed">
         <name>SPI0_IRQHandler</name>
         <value>0x943d</value>
         <object_component_ref idref="oc-35"/>
      </symbol>
      <symbol id="sm-1ee">
         <name>SPI1_IRQHandler</name>
         <value>0x943d</value>
         <object_component_ref idref="oc-35"/>
      </symbol>
      <symbol id="sm-1ef">
         <name>UART1_IRQHandler</name>
         <value>0x943d</value>
         <object_component_ref idref="oc-35"/>
      </symbol>
      <symbol id="sm-1f0">
         <name>UART2_IRQHandler</name>
         <value>0x943d</value>
         <object_component_ref idref="oc-35"/>
      </symbol>
      <symbol id="sm-1f1">
         <name>UART0_IRQHandler</name>
         <value>0x943d</value>
         <object_component_ref idref="oc-35"/>
      </symbol>
      <symbol id="sm-1f2">
         <name>TIMG6_IRQHandler</name>
         <value>0x943d</value>
         <object_component_ref idref="oc-35"/>
      </symbol>
      <symbol id="sm-1f3">
         <name>TIMA0_IRQHandler</name>
         <value>0x943d</value>
         <object_component_ref idref="oc-35"/>
      </symbol>
      <symbol id="sm-1f4">
         <name>TIMA1_IRQHandler</name>
         <value>0x943d</value>
         <object_component_ref idref="oc-35"/>
      </symbol>
      <symbol id="sm-1f5">
         <name>I2C0_IRQHandler</name>
         <value>0x943d</value>
         <object_component_ref idref="oc-35"/>
      </symbol>
      <symbol id="sm-1f6">
         <name>I2C1_IRQHandler</name>
         <value>0x943d</value>
         <object_component_ref idref="oc-35"/>
      </symbol>
      <symbol id="sm-1f7">
         <name>AES_IRQHandler</name>
         <value>0x943d</value>
         <object_component_ref idref="oc-35"/>
      </symbol>
      <symbol id="sm-1f8">
         <name>RTC_IRQHandler</name>
         <value>0x943d</value>
         <object_component_ref idref="oc-35"/>
      </symbol>
      <symbol id="sm-1f9">
         <name>DMA_IRQHandler</name>
         <value>0x943d</value>
         <object_component_ref idref="oc-35"/>
      </symbol>
      <symbol id="sm-1fa">
         <name>__TI_ATRegion0_src_addr</name>
         <value>0x0</value>
      </symbol>
      <symbol id="sm-1fb">
         <name>__TI_ATRegion0_trg_addr</name>
         <value>0x0</value>
      </symbol>
      <symbol id="sm-1fc">
         <name>__TI_ATRegion0_region_sz</name>
         <value>0x0</value>
      </symbol>
      <symbol id="sm-1fd">
         <name>__TI_ATRegion1_src_addr</name>
         <value>0x0</value>
      </symbol>
      <symbol id="sm-1fe">
         <name>__TI_ATRegion1_trg_addr</name>
         <value>0x0</value>
      </symbol>
      <symbol id="sm-1ff">
         <name>__TI_ATRegion1_region_sz</name>
         <value>0x0</value>
      </symbol>
      <symbol id="sm-200">
         <name>__TI_ATRegion2_src_addr</name>
         <value>0x0</value>
      </symbol>
      <symbol id="sm-201">
         <name>__TI_ATRegion2_trg_addr</name>
         <value>0x0</value>
      </symbol>
      <symbol id="sm-202">
         <name>__TI_ATRegion2_region_sz</name>
         <value>0x0</value>
      </symbol>
      <symbol id="sm-21b">
         <name>fopen</name>
         <value>0x926d</value>
         <object_component_ref idref="oc-14d"/>
      </symbol>
      <symbol id="sm-21c">
         <name>__TI_cleanup</name>
         <value>0x90d5</value>
         <object_component_ref idref="oc-1bd"/>
      </symbol>
      <symbol id="sm-21d">
         <name>freopen</name>
         <value>0x91d9</value>
         <object_component_ref idref="oc-153"/>
      </symbol>
      <symbol id="sm-227">
         <name>setvbuf</name>
         <value>0x7b11</value>
         <object_component_ref idref="oc-154"/>
      </symbol>
      <symbol id="sm-236">
         <name>abort</name>
         <value>0x95f9</value>
         <object_component_ref idref="oc-11a"/>
      </symbol>
      <symbol id="sm-237">
         <name>__TI_cleanup_ptr</name>
         <value>0x20200258</value>
         <object_component_ref idref="oc-18f"/>
      </symbol>
      <symbol id="sm-238">
         <name>__TI_dtors_ptr</name>
         <value>0x2020025c</value>
         <object_component_ref idref="oc-18f"/>
      </symbol>
      <symbol id="sm-239">
         <name>exit</name>
         <value>0x9171</value>
         <object_component_ref idref="oc-11f"/>
      </symbol>
      <symbol id="sm-242">
         <name>_nop</name>
         <value>0x82af</value>
         <object_component_ref idref="oc-1ca"/>
      </symbol>
      <symbol id="sm-243">
         <name>_lock</name>
         <value>0x20200270</value>
         <object_component_ref idref="oc-18d"/>
      </symbol>
      <symbol id="sm-244">
         <name>_unlock</name>
         <value>0x20200274</value>
         <object_component_ref idref="oc-190"/>
      </symbol>
      <symbol id="sm-24a">
         <name>_ftable</name>
         <value>0x20200000</value>
         <object_component_ref idref="oc-161"/>
      </symbol>
      <symbol id="sm-24b">
         <name>__TI_ft_end</name>
         <value>0x2020026c</value>
         <object_component_ref idref="oc-1fb"/>
      </symbol>
      <symbol id="sm-24c">
         <name>__TI_tmpnams</name>
         <value>0x202003bc</value>
         <object_component_ref idref="oc-20e"/>
      </symbol>
      <symbol id="sm-26f">
         <name>malloc</name>
         <value>0x95bd</value>
         <object_component_ref idref="oc-1bc"/>
      </symbol>
      <symbol id="sm-270">
         <name>aligned_alloc</name>
         <value>0x763d</value>
         <object_component_ref idref="oc-214"/>
      </symbol>
      <symbol id="sm-271">
         <name>free</name>
         <value>0x7a29</value>
         <object_component_ref idref="oc-1ba"/>
      </symbol>
      <symbol id="sm-272">
         <name>_sys_memory</name>
         <value>0x202004a0</value>
         <object_component_ref idref="oc-2f"/>
      </symbol>
      <symbol id="sm-273">
         <name>memalign</name>
         <value>0x763d</value>
         <object_component_ref idref="oc-214"/>
      </symbol>
      <symbol id="sm-27e">
         <name>_c_int00_noargs</name>
         <value>0x936d</value>
         <object_component_ref idref="oc-63"/>
      </symbol>
      <symbol id="sm-27f">
         <name>__stack</name>
         <value>0x20207e00</value>
         <object_component_ref idref="oc-1a"/>
      </symbol>
      <symbol id="sm-28b">
         <name>__TI_auto_init_nobinit_nopinit</name>
         <value>0x8f1d</value>
         <object_component_ref idref="oc-121"/>
      </symbol>
      <symbol id="sm-293">
         <name>_system_pre_init</name>
         <value>0x9603</value>
         <object_component_ref idref="oc-a8"/>
      </symbol>
      <symbol id="sm-29e">
         <name>__TI_zero_init_nomemset</name>
         <value>0x94bd</value>
         <object_component_ref idref="oc-5a"/>
      </symbol>
      <symbol id="sm-2a7">
         <name>__TI_decompress_none</name>
         <value>0x950f</value>
         <object_component_ref idref="oc-20"/>
      </symbol>
      <symbol id="sm-2b2">
         <name>__TI_decompress_lzss</name>
         <value>0x8659</value>
         <object_component_ref idref="oc-1c"/>
      </symbol>
      <symbol id="sm-2be">
         <name>__TI_closefile</name>
         <value>0x85dd</value>
         <object_component_ref idref="oc-1b4"/>
      </symbol>
      <symbol id="sm-2c8">
         <name>__TI_doflush</name>
         <value>0x8bdd</value>
         <object_component_ref idref="oc-200"/>
      </symbol>
      <symbol id="sm-2db">
         <name>HOSTexit</name>
         <value>0x83cd</value>
         <object_component_ref idref="oc-187"/>
      </symbol>
      <symbol id="sm-2dc">
         <name>C$$EXIT</name>
         <value>0x83cc</value>
         <object_component_ref idref="oc-187"/>
      </symbol>
      <symbol id="sm-2e6">
         <name>write</name>
         <value>0x9345</value>
         <object_component_ref idref="oc-23c"/>
      </symbol>
      <symbol id="sm-2eb">
         <name>_device</name>
         <value>0x20200190</value>
         <object_component_ref idref="oc-1ab"/>
      </symbol>
      <symbol id="sm-2ec">
         <name>_stream</name>
         <value>0x20200208</value>
         <object_component_ref idref="oc-238"/>
      </symbol>
      <symbol id="sm-2f5">
         <name>remove</name>
         <value>0x95f1</value>
         <object_component_ref idref="oc-20a"/>
      </symbol>
      <symbol id="sm-301">
         <name>open</name>
         <value>0x8045</value>
         <object_component_ref idref="oc-1fc"/>
      </symbol>
      <symbol id="sm-30c">
         <name>close</name>
         <value>0x8c31</value>
         <object_component_ref idref="oc-206"/>
      </symbol>
      <symbol id="sm-318">
         <name>add_device</name>
         <value>0x793d</value>
         <object_component_ref idref="oc-149"/>
      </symbol>
      <symbol id="sm-322">
         <name>unlink</name>
         <value>0x92c9</value>
         <object_component_ref idref="oc-245"/>
      </symbol>
      <symbol id="sm-32c">
         <name>HOSTclose</name>
         <value>0x8c81</value>
         <object_component_ref idref="oc-1de"/>
      </symbol>
      <symbol id="sm-336">
         <name>HOSTlseek</name>
         <value>0x87c5</value>
         <object_component_ref idref="oc-1ea"/>
      </symbol>
      <symbol id="sm-340">
         <name>HOSTopen</name>
         <value>0x896d</value>
         <object_component_ref idref="oc-1da"/>
      </symbol>
      <symbol id="sm-341">
         <name>parmbuf</name>
         <value>0x20200478</value>
         <object_component_ref idref="oc-21f"/>
      </symbol>
      <symbol id="sm-34b">
         <name>HOSTread</name>
         <value>0x8a2d</value>
         <object_component_ref idref="oc-1e2"/>
      </symbol>
      <symbol id="sm-35c">
         <name>HOSTrename</name>
         <value>0x8831</value>
         <object_component_ref idref="oc-1f2"/>
      </symbol>
      <symbol id="sm-366">
         <name>HOSTunlink</name>
         <value>0x8cc9</value>
         <object_component_ref idref="oc-1ee"/>
      </symbol>
      <symbol id="sm-370">
         <name>HOSTwrite</name>
         <value>0x8a85</value>
         <object_component_ref idref="oc-1e6"/>
      </symbol>
      <symbol id="sm-37e">
         <name>C$$IO$$</name>
         <value>0x9169</value>
         <object_component_ref idref="oc-218"/>
      </symbol>
      <symbol id="sm-37f">
         <name>__TI_writemsg</name>
         <value>0x913d</value>
         <object_component_ref idref="oc-218"/>
      </symbol>
      <symbol id="sm-380">
         <name>__CIOBUF_</name>
         <value>0x2020029c</value>
         <object_component_ref idref="oc-24f"/>
      </symbol>
      <symbol id="sm-381">
         <name>__TI_readmsg</name>
         <value>0x9109</value>
         <object_component_ref idref="oc-21e"/>
      </symbol>
      <symbol id="sm-382">
         <name>_CIOBUF_</name>
         <value>0x2020029c</value>
         <object_component_ref idref="oc-24f"/>
      </symbol>
      <symbol id="sm-388">
         <name>__aeabi_idiv</name>
         <value>0x8add</value>
         <object_component_ref idref="oc-c1"/>
      </symbol>
      <symbol id="sm-389">
         <name>__aeabi_idivmod</name>
         <value>0x8add</value>
         <object_component_ref idref="oc-c1"/>
      </symbol>
      <symbol id="sm-38f">
         <name>__aeabi_memcpy</name>
         <value>0x95e9</value>
         <object_component_ref idref="oc-53"/>
      </symbol>
      <symbol id="sm-390">
         <name>__aeabi_memcpy4</name>
         <value>0x95e9</value>
         <object_component_ref idref="oc-53"/>
      </symbol>
      <symbol id="sm-391">
         <name>__aeabi_memcpy8</name>
         <value>0x95e9</value>
         <object_component_ref idref="oc-53"/>
      </symbol>
      <symbol id="sm-398">
         <name>__aeabi_memclr</name>
         <value>0x95b1</value>
         <object_component_ref idref="oc-a3"/>
      </symbol>
      <symbol id="sm-399">
         <name>__aeabi_memclr4</name>
         <value>0x95b1</value>
         <object_component_ref idref="oc-a3"/>
      </symbol>
      <symbol id="sm-39a">
         <name>__aeabi_memclr8</name>
         <value>0x95b1</value>
         <object_component_ref idref="oc-a3"/>
      </symbol>
      <symbol id="sm-3a0">
         <name>__aeabi_uidiv</name>
         <value>0x8e61</value>
         <object_component_ref idref="oc-bd"/>
      </symbol>
      <symbol id="sm-3a1">
         <name>__aeabi_uidivmod</name>
         <value>0x8e61</value>
         <object_component_ref idref="oc-bd"/>
      </symbol>
      <symbol id="sm-3ac">
         <name>__aeabi_idiv0</name>
         <value>0x8043</value>
         <object_component_ref idref="oc-133"/>
      </symbol>
      <symbol id="sm-3ba">
         <name>finddevice</name>
         <value>0x91a5</value>
         <object_component_ref idref="oc-1a4"/>
      </symbol>
      <symbol id="sm-3bb">
         <name>getdevice</name>
         <value>0x889d</value>
         <object_component_ref idref="oc-236"/>
      </symbol>
      <symbol id="sm-3c4">
         <name>TI_memcpy_small</name>
         <value>0x94fd</value>
         <object_component_ref idref="oc-d0"/>
      </symbol>
      <symbol id="sm-3cd">
         <name>TI_memset_small</name>
         <value>0x9589</value>
         <object_component_ref idref="oc-13e"/>
      </symbol>
      <symbol id="sm-3d5">
         <name>strcmp</name>
         <value>0x83d1</value>
         <object_component_ref idref="oc-1d4"/>
      </symbol>
      <symbol id="sm-3d6">
         <name>__TI_static_base__</name>
         <value>0x0</value>
      </symbol>
      <symbol id="sm-3d9">
         <name>__mpu_init</name>
         <value>0x0</value>
      </symbol>
      <symbol id="sm-3da">
         <name>_system_post_cinit</name>
         <value>0x0</value>
      </symbol>
   </symbol_table>
   <title>Link successful</title>
</link_info>
